Archive member included because of file (symbol)

/usr/lib/gcc/avr/4.8.2/../../../avr/lib/avr51/libm.a(fixsfsi.o)
                              obj_gh60_lufa/common/mousekey.o (__fixsfsi)
/usr/lib/gcc/avr/4.8.2/../../../avr/lib/avr51/libm.a(fixunssfsi.o)
                              /usr/lib/gcc/avr/4.8.2/../../../avr/lib/avr51/libm.a(fixsfsi.o) (__fixunssfsi)
/usr/lib/gcc/avr/4.8.2/../../../avr/lib/avr51/libm.a(floatsisf.o)
                              obj_gh60_lufa/common/mousekey.o (__floatsisf)
/usr/lib/gcc/avr/4.8.2/../../../avr/lib/avr51/libm.a(fp_split3.o)
                              /usr/lib/gcc/avr/4.8.2/../../../avr/lib/avr51/libm.a(fixunssfsi.o) (__fp_splitA)
/usr/lib/gcc/avr/4.8.2/../../../avr/lib/avr51/libm.a(fp_zero.o)
                              /usr/lib/gcc/avr/4.8.2/../../../avr/lib/avr51/libm.a(fixunssfsi.o) (__fp_zero)
/usr/lib/gcc/avr/4.8.2/../../../avr/lib/avr51/libm.a(mulsf3.o)
                              obj_gh60_lufa/common/mousekey.o (__mulsf3)
/usr/lib/gcc/avr/4.8.2/../../../avr/lib/avr51/libm.a(mulsf3x.o)
                              /usr/lib/gcc/avr/4.8.2/../../../avr/lib/avr51/libm.a(mulsf3.o) (__mulsf3x)
/usr/lib/gcc/avr/4.8.2/../../../avr/lib/avr51/libm.a(fp_inf.o)
                              /usr/lib/gcc/avr/4.8.2/../../../avr/lib/avr51/libm.a(mulsf3x.o) (__fp_inf)
/usr/lib/gcc/avr/4.8.2/../../../avr/lib/avr51/libm.a(fp_nan.o)
                              /usr/lib/gcc/avr/4.8.2/../../../avr/lib/avr51/libm.a(mulsf3x.o) (__fp_nan)
/usr/lib/gcc/avr/4.8.2/../../../avr/lib/avr51/libm.a(fp_pscA.o)
                              /usr/lib/gcc/avr/4.8.2/../../../avr/lib/avr51/libm.a(mulsf3x.o) (__fp_pscA)
/usr/lib/gcc/avr/4.8.2/../../../avr/lib/avr51/libm.a(fp_pscB.o)
                              /usr/lib/gcc/avr/4.8.2/../../../avr/lib/avr51/libm.a(mulsf3x.o) (__fp_pscB)
/usr/lib/gcc/avr/4.8.2/../../../avr/lib/avr51/libm.a(fp_round.o)
                              /usr/lib/gcc/avr/4.8.2/../../../avr/lib/avr51/libm.a(mulsf3.o) (__fp_round)
/usr/lib/gcc/avr/4.8.2/avr51/libgcc.a(_udivmodqi4.o)
                              obj_gh60_lufa/protocol/lufa/lufa.o (__udivmodqi4)
/usr/lib/gcc/avr/4.8.2/avr51/libgcc.a(_divmodhi4.o)
                              obj_gh60_lufa/common/mousekey.o (__divmodhi4)
/usr/lib/gcc/avr/4.8.2/avr51/libgcc.a(_exit.o)
                              /usr/lib/gcc/avr/4.8.2/../../../avr/lib/avr51/crtusb1286.o (exit)
/usr/lib/gcc/avr/4.8.2/avr51/libgcc.a(_tablejump.o)
                              obj_gh60_lufa/protocol/lufa/LUFA-git/LUFA/Drivers/USB/Core/DeviceStandardReq.o (__tablejump2__)
/usr/lib/gcc/avr/4.8.2/avr51/libgcc.a(_copy_data.o)
                              obj_gh60_lufa/matrix.o (__do_copy_data)
/usr/lib/gcc/avr/4.8.2/avr51/libgcc.a(_clear_bss.o)
                              obj_gh60_lufa/matrix.o (__do_clear_bss)
/usr/lib/gcc/avr/4.8.2/avr51/libgcc.a(_udivmodhi4.o)
                              /usr/lib/gcc/avr/4.8.2/avr51/libgcc.a(_divmodhi4.o) (__udivmodhi4)
/usr/lib/gcc/avr/4.8.2/../../../avr/lib/avr51/libc.a(eerd_byte_at90usb1286.o)
                              obj_gh60_lufa/protocol/lufa/LUFA-git/LUFA/Drivers/USB/Core/AVR8/EndpointStream_AVR8.o (__eerd_byte_usb1286)
/usr/lib/gcc/avr/4.8.2/../../../avr/lib/avr51/libc.a(eerd_word_at90usb1286.o)
                              obj_gh60_lufa/common/avr/eeconfig.o (__eerd_word_usb1286)
/usr/lib/gcc/avr/4.8.2/../../../avr/lib/avr51/libc.a(eeupd_byte_at90usb1286.o)
                              obj_gh60_lufa/protocol/lufa/LUFA-git/LUFA/Drivers/USB/Core/AVR8/EndpointStream_AVR8.o (__eeupd_byte_usb1286)
/usr/lib/gcc/avr/4.8.2/../../../avr/lib/avr51/libc.a(eewr_byte_at90usb1286.o)
                              obj_gh60_lufa/common/avr/eeconfig.o (__eewr_byte_usb1286)
/usr/lib/gcc/avr/4.8.2/../../../avr/lib/avr51/libc.a(eewr_word_at90usb1286.o)
                              obj_gh60_lufa/common/avr/eeconfig.o (__eewr_word_usb1286)
/usr/lib/gcc/avr/4.8.2/../../../avr/lib/avr51/libc.a(eerd_block_at90usb1286.o)
                              /usr/lib/gcc/avr/4.8.2/../../../avr/lib/avr51/libc.a(eerd_word_at90usb1286.o) (__eerd_blraw_usb1286)

Allocating common symbols
Common symbol       size              file

USB_IsInitialized   0x1               obj_gh60_lufa/protocol/lufa/LUFA-git/LUFA/Drivers/USB/Core/USBTask.o
keymap_config       0x1               obj_gh60_lufa/common/bootmagic.o
USB_DeviceState     0x1               obj_gh60_lufa/protocol/lufa/LUFA-git/LUFA/Drivers/USB/Core/USBTask.o
USB_Device_ConfigurationNumber
                    0x1               obj_gh60_lufa/protocol/lufa/LUFA-git/LUFA/Drivers/USB/Core/DeviceStandardReq.o
USB_Device_CurrentlySelfPowered
                    0x1               obj_gh60_lufa/protocol/lufa/LUFA-git/LUFA/Drivers/USB/Core/DeviceStandardReq.o
USB_ControlRequest  0x8               obj_gh60_lufa/protocol/lufa/LUFA-git/LUFA/Drivers/USB/Core/USBTask.o
USB_Device_RemoteWakeupEnabled
[...]
Memory Configuration

Name             Origin             Length             Attributes
text             0x0000000000000000 0x0000000000020000 xr
data             0x0000000000800100 0x000000000000ff00 rw !x
eeprom           0x0000000000810000 0x0000000000010000 rw !x
fuse             0x0000000000820000 0x0000000000000400 rw !x
lock             0x0000000000830000 0x0000000000000400 rw !x
signature        0x0000000000840000 0x0000000000000400 rw !x
user_signatures  0x0000000000850000 0x0000000000000400 rw !x
*default*        0x0000000000000000 0xffffffffffffffff

Linker script and memory map

Address of section .data set to 0x800100
LOAD /usr/lib/gcc/avr/4.8.2/../../../avr/lib/avr51/crtusb1286.o
LOAD obj_gh60_lufa/keymap_poker.o
LOAD obj_gh60_lufa/matrix.o
LOAD obj_gh60_lufa/led.o
LOAD obj_gh60_lufa/protocol/lufa/lufa.o
LOAD obj_gh60_lufa/protocol/lufa/descriptor.o
LOAD obj_gh60_lufa/protocol/lufa/LUFA-git/LUFA/Drivers/USB/Class/Common/HIDParser.o
LOAD obj_gh60_lufa/protocol/lufa/LUFA-git/LUFA/Drivers/USB/Core/AVR8/Device_AVR8.o
LOAD obj_gh60_lufa/protocol/lufa/LUFA-git/LUFA/Drivers/USB/Core/AVR8/EndpointStream_AVR8.o
LOAD obj_gh60_lufa/protocol/lufa/LUFA-git/LUFA/Drivers/USB/Core/AVR8/Endpoint_AVR8.o
LOAD obj_gh60_lufa/protocol/lufa/LUFA-git/LUFA/Drivers/USB/Core/AVR8/Host_AVR8.o
LOAD obj_gh60_lufa/protocol/lufa/LUFA-git/LUFA/Drivers/USB/Core/AVR8/PipeStream_AVR8.o
LOAD obj_gh60_lufa/protocol/lufa/LUFA-git/LUFA/Drivers/USB/Core/AVR8/Pipe_AVR8.o
LOAD obj_gh60_lufa/protocol/lufa/LUFA-git/LUFA/Drivers/USB/Core/AVR8/USBController_AVR8.o
LOAD obj_gh60_lufa/protocol/lufa/LUFA-git/LUFA/Drivers/USB/Core/AVR8/USBInterrupt_AVR8.o
LOAD obj_gh60_lufa/protocol/lufa/LUFA-git/LUFA/Drivers/USB/Core/ConfigDescriptors.o
LOAD obj_gh60_lufa/protocol/lufa/LUFA-git/LUFA/Drivers/USB/Core/DeviceStandardReq.o
LOAD obj_gh60_lufa/protocol/lufa/LUFA-git/LUFA/Drivers/USB/Core/Events.o
LOAD obj_gh60_lufa/protocol/lufa/LUFA-git/LUFA/Drivers/USB/Core/HostStandardReq.o
LOAD obj_gh60_lufa/protocol/lufa/LUFA-git/LUFA/Drivers/USB/Core/USBTask.o
LOAD obj_gh60_lufa/common/host.o
LOAD obj_gh60_lufa/common/keyboard.o
LOAD obj_gh60_lufa/common/matrix.o
LOAD obj_gh60_lufa/common/action.o
LOAD obj_gh60_lufa/common/action_tapping.o
LOAD obj_gh60_lufa/common/action_macro.o
LOAD obj_gh60_lufa/common/action_layer.o
LOAD obj_gh60_lufa/common/action_util.o
LOAD obj_gh60_lufa/common/print.o
LOAD obj_gh60_lufa/common/debug.o
LOAD obj_gh60_lufa/common/util.o
LOAD obj_gh60_lufa/common/hook.o
LOAD obj_gh60_lufa/common/avr/suspend.o
LOAD obj_gh60_lufa/common/avr/xprintf.o
LOAD obj_gh60_lufa/common/avr/timer.o
LOAD obj_gh60_lufa/common/avr/bootloader.o
LOAD obj_gh60_lufa/common/keymap.o
LOAD obj_gh60_lufa/common/bootmagic.o
LOAD obj_gh60_lufa/common/avr/eeconfig.o
LOAD obj_gh60_lufa/common/mousekey.o
LOAD obj_gh60_lufa/common/command.o
LOAD /usr/lib/gcc/avr/4.8.2/../../../avr/lib/avr51/libm.a
START GROUP
LOAD /usr/lib/gcc/avr/4.8.2/avr51/libgcc.a
LOAD /usr/lib/gcc/avr/4.8.2/../../../avr/lib/avr51/libm.a
LOAD /usr/lib/gcc/avr/4.8.2/../../../avr/lib/avr51/libc.a
END GROUP

.hash
 *(.hash)

.dynsym
 *(.dynsym)

.dynstr
 *(.dynstr)

.gnu.version
 *(.gnu.version)

.gnu.version_d
 *(.gnu.version_d)

.gnu.version_r
 *(.gnu.version_r)

.rel.init
 *(.rel.init)

.rela.init
 *(.rela.init)

.rel.text
 *(.rel.text)
 *(.rel.text.*)
 *(.rel.gnu.linkonce.t*)

.rela.text
 *(.rela.text)
 *(.rela.text.*)
 *(.rela.gnu.linkonce.t*)

.rel.fini
 *(.rel.fini)

.rela.fini
 *(.rela.fini)

.rel.rodata
 *(.rel.rodata)
 *(.rel.rodata.*)
 *(.rel.gnu.linkonce.r*)

.rela.rodata
 *(.rela.rodata)
 *(.rela.rodata.*)
 *(.rela.gnu.linkonce.r*)

.rel.data
 *(.rel.data)
 *(.rel.data.*)
 *(.rel.gnu.linkonce.d*)

.rela.data
 *(.rela.data)
 *(.rela.data.*)
 *(.rela.gnu.linkonce.d*)

.rel.ctors
 *(.rel.ctors)

.rela.ctors
 *(.rela.ctors)

.rel.dtors
 *(.rel.dtors)

.rela.dtors
 *(.rela.dtors)

.rel.got
 *(.rel.got)

.rela.got
 *(.rela.got)

.rel.bss
 *(.rel.bss)

.rela.bss
 *(.rela.bss)

.rel.plt
 *(.rel.plt)

.rela.plt
 *(.rela.plt)

.text           0x0000000000000000     0x52cc
 *(.vectors)
 .vectors       0x0000000000000000       0x98 /usr/lib/gcc/avr/4.8.2/../../../avr/lib/avr51/crtusb1286.o
                0x0000000000000000                __vectors
                0x0000000000000000                __vector_default
 *(.vectors)
 *(.progmem.gcc*)
 .progmem.gcc_sw_table.USB_Device_ProcessControlRequest
                0x0000000000000098       0x14 obj_gh60_lufa/protocol/lufa/LUFA-git/LUFA/Drivers/USB/Core/DeviceStandardReq.o
 .progmem.gcc_sw_table.process_action
                0x00000000000000ac       0x20 obj_gh60_lufa/common/action.o
 *(.progmem*)
 .progmem.data.fn_actions
                0x00000000000000cc        0x2 obj_gh60_lufa/keymap_poker.o
                0x00000000000000cc                fn_actions
 .progmem.data.keymaps
                0x00000000000000ce       0xa8 obj_gh60_lufa/keymap_poker.o
                0x00000000000000ce                keymaps
 .progmem.data.__c.1889
                0x0000000000000176        0x2 obj_gh60_lufa/matrix.o
 .progmem.data.__c.1887
                0x0000000000000178        0x5 obj_gh60_lufa/matrix.o
 .progmem.data.__c.1885
                0x000000000000017d        0xa obj_gh60_lufa/matrix.o
 .progmem.data.__c.4857
                0x0000000000000187       0x11 obj_gh60_lufa/protocol/lufa/lufa.o
 .progmem.data.__c.4855
                0x0000000000000198       0x11 obj_gh60_lufa/protocol/lufa/lufa.o
 .progmem.data.__c.4850
                0x00000000000001a9        0x8 obj_gh60_lufa/protocol/lufa/lufa.o
 .progmem.data.__c.4748
                0x00000000000001b1        0x4 obj_gh60_lufa/protocol/lufa/lufa.o
 .progmem.data.__c.4743
                0x00000000000001b5        0x4 obj_gh60_lufa/protocol/lufa/lufa.o
 .progmem.data.ProductString
                0x00000000000001b9        0xc obj_gh60_lufa/protocol/lufa/descriptor.o
                0x00000000000001b9                ProductString
 .progmem.data.ManufacturerString
                0x00000000000001c5       0x14 obj_gh60_lufa/protocol/lufa/descriptor.o
                0x00000000000001c5                ManufacturerString
 .progmem.data.LanguageString
                0x00000000000001d9        0x4 obj_gh60_lufa/protocol/lufa/descriptor.o
                0x00000000000001d9                LanguageString
 .progmem.data.ConfigurationDescriptor
                0x00000000000001dd       0x74 obj_gh60_lufa/protocol/lufa/descriptor.o
                0x00000000000001dd                ConfigurationDescriptor
 .progmem.data.DeviceDescriptor
                0x0000000000000251       0x12 obj_gh60_lufa/protocol/lufa/descriptor.o
                0x0000000000000251                DeviceDescriptor
 .progmem.data.ConsoleReport
                0x0000000000000263       0x22 obj_gh60_lufa/protocol/lufa/descriptor.o
                0x0000000000000263                ConsoleReport
 .progmem.data.ExtrakeyReport
                0x0000000000000285       0x36 obj_gh60_lufa/protocol/lufa/descriptor.o
                0x0000000000000285                ExtrakeyReport
 .progmem.data.MouseReport
                0x00000000000002bb       0x4d obj_gh60_lufa/protocol/lufa/descriptor.o
                0x00000000000002bb                MouseReport
 .progmem.data.KeyboardReport
                0x0000000000000308       0x40 obj_gh60_lufa/protocol/lufa/descriptor.o
                0x0000000000000308                KeyboardReport
 .progmem.data.__c.2086
                0x0000000000000348       0x10 obj_gh60_lufa/common/host.o
 .progmem.data.__c.2081
                0x0000000000000358        0xe obj_gh60_lufa/common/host.o
 .progmem.data.__c.2073
                0x0000000000000366        0x2 obj_gh60_lufa/common/host.o
 .progmem.data.__c.2068
                0x0000000000000368        0x6 obj_gh60_lufa/common/host.o
 .progmem.data.__c.2065
                0x000000000000036e        0xb obj_gh60_lufa/common/host.o
 .progmem.data.__c.2428
                0x0000000000000379        0xb obj_gh60_lufa/common/keyboard.o
 .progmem.data.__c.1745
                0x0000000000000384        0xf obj_gh60_lufa/common/matrix.o
 .progmem.data.__c.1742
                0x0000000000000393       0x16 obj_gh60_lufa/common/matrix.o
 .progmem.data.__c.2507
                0x00000000000003a9        0x7 obj_gh60_lufa/common/bootmagic.o
 .progmem.data.__c.2501
                0x00000000000003b0       0x15 obj_gh60_lufa/common/bootmagic.o
 .progmem.data.__c.2146
                0x00000000000003c5        0x3 obj_gh60_lufa/common/mousekey.o
 .progmem.data.__c.2144
                0x00000000000003c8        0x3 obj_gh60_lufa/common/mousekey.o
 .progmem.data.__c.2142
                0x00000000000003cb        0x2 obj_gh60_lufa/common/mousekey.o
 .progmem.data.__c.2140
                0x00000000000003cd        0x3 obj_gh60_lufa/common/mousekey.o
 .progmem.data.__c.2138
                0x00000000000003d0        0x3 obj_gh60_lufa/common/mousekey.o
 .progmem.data.__c.2136
                0x00000000000003d3        0x3 obj_gh60_lufa/common/mousekey.o
 .progmem.data.__c.2134
                0x00000000000003d6        0x2 obj_gh60_lufa/common/mousekey.o
 .progmem.data.__c.2132
                0x00000000000003d8        0x3 obj_gh60_lufa/common/mousekey.o
 .progmem.data.__c.2130
                0x00000000000003db        0x2 obj_gh60_lufa/common/mousekey.o
 .progmem.data.__c.2128
                0x00000000000003dd        0x3 obj_gh60_lufa/common/mousekey.o
 .progmem.data.__c.2126
                0x00000000000003e0        0x2 obj_gh60_lufa/common/mousekey.o
 .progmem.data.__c.2124
                0x00000000000003e2        0x3 obj_gh60_lufa/common/mousekey.o
 .progmem.data.__c.2122
                0x00000000000003e5        0x2 obj_gh60_lufa/common/mousekey.o
 .progmem.data.__c.2120
                0x00000000000003e7        0x5 obj_gh60_lufa/common/mousekey.o
 .progmem.data.__c.2118
                0x00000000000003ec       0x23 obj_gh60_lufa/common/mousekey.o
 .progmem.data.__c.2873
                0x000000000000040f       0x1b obj_gh60_lufa/common/command.o
 .progmem.data.__c.2870
                0x000000000000042a       0x19 obj_gh60_lufa/common/command.o
 .progmem.data.__c.2867
                0x0000000000000443       0x15 obj_gh60_lufa/common/command.o
 .progmem.data.__c.2864
                0x0000000000000458       0x13 obj_gh60_lufa/common/command.o
 .progmem.data.__c.2861
                0x000000000000046b       0x12 obj_gh60_lufa/common/command.o
 .progmem.data.__c.2857
                0x000000000000047d        0xf obj_gh60_lufa/common/command.o
 .progmem.data.__c.2850
                0x000000000000048c       0x1b obj_gh60_lufa/common/command.o
 .progmem.data.__c.2847
                0x00000000000004a7       0x19 obj_gh60_lufa/common/command.o
 .progmem.data.__c.2844
                0x00000000000004c0       0x15 obj_gh60_lufa/common/command.o
 .progmem.data.__c.2841
                0x00000000000004d5       0x13 obj_gh60_lufa/common/command.o
 .progmem.data.__c.2838
                0x00000000000004e8       0x12 obj_gh60_lufa/common/command.o
 .progmem.data.__c.2834
                0x00000000000004fa        0xf obj_gh60_lufa/common/command.o
 .progmem.data.__c.2827
                0x0000000000000509        0x2 obj_gh60_lufa/common/command.o
 .progmem.data.__c.2825
                0x000000000000050b        0x3 obj_gh60_lufa/common/command.o
 .progmem.data.__c.2823
                0x000000000000050e       0x17 obj_gh60_lufa/common/command.o
 .progmem.data.__c.2821
                0x0000000000000525        0x2 obj_gh60_lufa/common/command.o
 .progmem.data.__c.2819
                0x0000000000000527        0x3 obj_gh60_lufa/common/command.o
 .progmem.data.__c.2817
                0x000000000000052a       0x15 obj_gh60_lufa/common/command.o
 .progmem.data.__c.2815
                0x000000000000053f        0x2 obj_gh60_lufa/common/command.o
 .progmem.data.__c.2813
                0x0000000000000541        0x3 obj_gh60_lufa/common/command.o
 .progmem.data.__c.2811
                0x0000000000000544       0x11 obj_gh60_lufa/common/command.o
 .progmem.data.__c.2809
                0x0000000000000555        0x2 obj_gh60_lufa/common/command.o
 .progmem.data.__c.2807
                0x0000000000000557        0x3 obj_gh60_lufa/common/command.o
 .progmem.data.__c.2805
                0x000000000000055a        0xf obj_gh60_lufa/common/command.o
 .progmem.data.__c.2803
                0x0000000000000569        0x2 obj_gh60_lufa/common/command.o
 .progmem.data.__c.2801
                0x000000000000056b        0x3 obj_gh60_lufa/common/command.o
 .progmem.data.__c.2799
                0x000000000000056e       0x12 obj_gh60_lufa/common/command.o
 .progmem.data.__c.2797
                0x0000000000000580        0x2 obj_gh60_lufa/common/command.o
 .progmem.data.__c.2795
                0x0000000000000582        0x3 obj_gh60_lufa/common/command.o
 .progmem.data.__c.2793
                0x0000000000000585       0x12 obj_gh60_lufa/common/command.o
 .progmem.data.__c.2791
                0x0000000000000597        0xe obj_gh60_lufa/common/command.o
 .progmem.data.__c.2911
                0x00000000000005a5        0x3 obj_gh60_lufa/common/command.o
 .progmem.data.__c.2909
                0x00000000000005a8        0x6 obj_gh60_lufa/common/command.o
 .progmem.data.__c.2907
                0x00000000000005ae        0x2 obj_gh60_lufa/common/command.o
 .progmem.data.__c.2904
                0x00000000000005b0        0xd obj_gh60_lufa/common/command.o
 .progmem.data.__c.2890
                0x00000000000005bd        0x4 obj_gh60_lufa/common/command.o
 .progmem.data.__c.2880
                0x00000000000005c1       0x4e obj_gh60_lufa/common/command.o
 .progmem.data.__c.2878
                0x000000000000060f       0xfb obj_gh60_lufa/common/command.o
 .progmem.data.__c.2783
                0x000000000000070a        0x2 obj_gh60_lufa/common/command.o
 .progmem.data.__c.2780
                0x000000000000070c        0x4 obj_gh60_lufa/common/command.o
 .progmem.data.__c.2785
                0x0000000000000710        0x4 obj_gh60_lufa/common/command.o
 .progmem.data.__c.2929
                0x0000000000000714        0x5 obj_gh60_lufa/common/command.o
 .progmem.data.__c.2769
                0x0000000000000719       0x27 obj_gh60_lufa/common/command.o
 .progmem.data.__c.2601
                0x0000000000000740       0x9d obj_gh60_lufa/common/command.o
 .progmem.data.__c.2696
                0x00000000000007dd        0x2 obj_gh60_lufa/common/command.o
 .progmem.data.__c.2694
                0x00000000000007df        0x3 obj_gh60_lufa/common/command.o
 .progmem.data.__c.2692
                0x00000000000007e2        0x8 obj_gh60_lufa/common/command.o
 .progmem.data.__c.2690
                0x00000000000007ea        0x2 obj_gh60_lufa/common/command.o
 .progmem.data.__c.2688
                0x00000000000007ec        0x3 obj_gh60_lufa/common/command.o
 .progmem.data.__c.2686
                0x00000000000007ef       0x1c obj_gh60_lufa/common/command.o
 .progmem.data.__c.2684
                0x000000000000080b        0x2 obj_gh60_lufa/common/command.o
 .progmem.data.__c.2682
                0x000000000000080d        0x3 obj_gh60_lufa/common/command.o
 .progmem.data.__c.2680
                0x0000000000000810       0x12 obj_gh60_lufa/common/command.o
 .progmem.data.__c.2678
                0x0000000000000822        0x2 obj_gh60_lufa/common/command.o
 .progmem.data.__c.2676
                0x0000000000000824        0x3 obj_gh60_lufa/common/command.o
 .progmem.data.__c.2674
                0x0000000000000827        0xa obj_gh60_lufa/common/command.o
 .progmem.data.__c.2672
                0x0000000000000831        0x2 obj_gh60_lufa/common/command.o
 .progmem.data.__c.2670
                0x0000000000000833        0x3 obj_gh60_lufa/common/command.o
 .progmem.data.__c.2668
                0x0000000000000836       0x12 obj_gh60_lufa/common/command.o
 .progmem.data.__c.2666
                0x0000000000000848        0x2 obj_gh60_lufa/common/command.o
 .progmem.data.__c.2664
                0x000000000000084a        0x3 obj_gh60_lufa/common/command.o
 .progmem.data.__c.2662
                0x000000000000084d       0x12 obj_gh60_lufa/common/command.o
 .progmem.data.__c.2660
                0x000000000000085f        0x2 obj_gh60_lufa/common/command.o
 .progmem.data.__c.2658
                0x0000000000000861        0x3 obj_gh60_lufa/common/command.o
 .progmem.data.__c.2656
                0x0000000000000864       0x17 obj_gh60_lufa/common/command.o
 .progmem.data.__c.2654
                0x000000000000087b        0x2 obj_gh60_lufa/common/command.o
 .progmem.data.__c.2652
                0x000000000000087d        0x3 obj_gh60_lufa/common/command.o
 .progmem.data.__c.2650
                0x0000000000000880       0x19 obj_gh60_lufa/common/command.o
 .progmem.data.__c.2648
                0x0000000000000899        0x2 obj_gh60_lufa/common/command.o
 .progmem.data.__c.2646
                0x000000000000089b        0x5 obj_gh60_lufa/common/command.o
 .progmem.data.__c.2644
                0x00000000000008a0       0x14 obj_gh60_lufa/common/command.o
 .progmem.data.__c.2641
                0x00000000000008b4        0x2 obj_gh60_lufa/common/command.o
 .progmem.data.__c.2639
                0x00000000000008b6        0x3 obj_gh60_lufa/common/command.o
 .progmem.data.__c.2637
                0x00000000000008b9        0x9 obj_gh60_lufa/common/command.o
 .progmem.data.__c.2635
                0x00000000000008c2        0x2 obj_gh60_lufa/common/command.o
 .progmem.data.__c.2633
                0x00000000000008c4        0x3 obj_gh60_lufa/common/command.o
 .progmem.data.__c.2631
                0x00000000000008c7        0xc obj_gh60_lufa/common/command.o
 .progmem.data.__c.2629
                0x00000000000008d3        0x2 obj_gh60_lufa/common/command.o
 .progmem.data.__c.2627
                0x00000000000008d5        0x3 obj_gh60_lufa/common/command.o
 .progmem.data.__c.2625
                0x00000000000008d8        0xa obj_gh60_lufa/common/command.o
 .progmem.data.__c.2623
                0x00000000000008e2        0x2 obj_gh60_lufa/common/command.o
 .progmem.data.__c.2621
                0x00000000000008e4        0x3 obj_gh60_lufa/common/command.o
 .progmem.data.__c.2619
                0x00000000000008e7        0xa obj_gh60_lufa/common/command.o
 .progmem.data.__c.2617
                0x00000000000008f1        0x2 obj_gh60_lufa/common/command.o
 .progmem.data.__c.2615
                0x00000000000008f3        0x5 obj_gh60_lufa/common/command.o
 .progmem.data.__c.2613
                0x00000000000008f8       0x13 obj_gh60_lufa/common/command.o
 .progmem.data.__c.2610
                0x000000000000090b        0x2 obj_gh60_lufa/common/command.o
 .progmem.data.__c.2608
                0x000000000000090d        0x3 obj_gh60_lufa/common/command.o
 .progmem.data.__c.2606
                0x0000000000000910       0x10 obj_gh60_lufa/common/command.o
 .progmem.data.__c.2764
                0x0000000000000920        0x2 obj_gh60_lufa/common/command.o
 .progmem.data.__c.2755
                0x0000000000000922       0x17 obj_gh60_lufa/common/command.o
 .progmem.data.__c.2753
                0x0000000000000939       0x13 obj_gh60_lufa/common/command.o
 .progmem.data.__c.2751
                0x000000000000094c       0x17 obj_gh60_lufa/common/command.o
 .progmem.data.__c.2749
                0x0000000000000963       0x1a obj_gh60_lufa/common/command.o
 .progmem.data.__c.2747
                0x000000000000097d        0xe obj_gh60_lufa/common/command.o
 .progmem.data.__c.2744
                0x000000000000098b       0x2c obj_gh60_lufa/common/command.o
 .progmem.data.__c.2742
                0x00000000000009b7       0x40 obj_gh60_lufa/common/command.o
 .progmem.data.__c.2740
                0x00000000000009f7       0x27 obj_gh60_lufa/common/command.o
 .progmem.data.__c.2738
                0x0000000000000a1e       0x35 obj_gh60_lufa/common/command.o
 .progmem.data.__c.2736
                0x0000000000000a53       0x29 obj_gh60_lufa/common/command.o
 .progmem.data.__c.2734
                0x0000000000000a7c        0xf obj_gh60_lufa/common/command.o
 .progmem.data.__c.2731
                0x0000000000000a8b        0xd obj_gh60_lufa/common/command.o
 .progmem.data.__c.2729
                0x0000000000000a98        0xc obj_gh60_lufa/common/command.o
 .progmem.data.__c.2726
                0x0000000000000aa4       0x10 obj_gh60_lufa/common/command.o
 .progmem.data.__c.2724
                0x0000000000000ab4        0xf obj_gh60_lufa/common/command.o
 .progmem.data.__c.2721
                0x0000000000000ac3        0xe obj_gh60_lufa/common/command.o
 .progmem.data.__c.2719
                0x0000000000000ad1        0xd obj_gh60_lufa/common/command.o
 .progmem.data.__c.2716
                0x0000000000000ade        0xc obj_gh60_lufa/common/command.o
 .progmem.data.__c.2714
                0x0000000000000aea        0xd obj_gh60_lufa/common/command.o
 .progmem.data.__c.2711
                0x0000000000000af7       0x11 obj_gh60_lufa/common/command.o
 .progmem.data.__c.2708
                0x0000000000000b08        0x4 obj_gh60_lufa/common/command.o
 .progmem.data.__c.2702
                0x0000000000000b0c        0xb obj_gh60_lufa/common/command.o
                0x0000000000000b18                . = ALIGN (0x2)
 *fill*         0x0000000000000b17        0x1 
                0x0000000000000b18                __trampolines_start = .
 *(.trampolines)
 .trampolines   0x0000000000000b18        0x0 linker stubs
 *(.trampolines*)
                0x0000000000000b18                __trampolines_end = .
 *(.jumptables)
 *(.jumptables*)
 *(.lowtext)
 *(.lowtext*)
                0x0000000000000b18                __ctors_start = .
 *(.ctors)
                0x0000000000000b18                __ctors_end = .
                0x0000000000000b18                __dtors_start = .
 *(.dtors)
                0x0000000000000b18                __dtors_end = .
 SORT(*)(.ctors)
 SORT(*)(.dtors)
 *(.init0)
 .init0         0x0000000000000b18        0x0 /usr/lib/gcc/avr/4.8.2/../../../avr/lib/avr51/crtusb1286.o
                0x0000000000000b18                __init
 *(.init0)
 *(.init1)
 *(.init1)
 *(.init2)
 .init2         0x0000000000000b18        0xc /usr/lib/gcc/avr/4.8.2/../../../avr/lib/avr51/crtusb1286.o
 *(.init2)
 *(.init3)
 .init3         0x0000000000000b24       0x4e obj_gh60_lufa/common/avr/bootloader.o
                0x0000000000000b24                bootloader_jump_after_watchdog_reset
 *(.init3)
 *(.init4)
 .init4         0x0000000000000b72       0x1a /usr/lib/gcc/avr/4.8.2/avr51/libgcc.a(_copy_data.o)
                0x0000000000000b72                __do_copy_data
 .init4         0x0000000000000b8c       0x10 /usr/lib/gcc/avr/4.8.2/avr51/libgcc.a(_clear_bss.o)
                0x0000000000000b8c                __do_clear_bss
 *(.init4)
 *(.init5)
 *(.init5)
 *(.init6)
 *(.init6)
 *(.init7)
 *(.init7)
 *(.init8)
 *(.init8)
 *(.init9)
 .init9         0x0000000000000b9c        0x8 /usr/lib/gcc/avr/4.8.2/../../../avr/lib/avr51/crtusb1286.o
 *(.init9)
 *(.text)
 .text          0x0000000000000ba4        0x4 /usr/lib/gcc/avr/4.8.2/../../../avr/lib/avr51/crtusb1286.o
                0x0000000000000ba4                __vector_22
                0x0000000000000ba4                __vector_28
                0x0000000000000ba4                __vector_1
                0x0000000000000ba4                __vector_32
                0x0000000000000ba4                __vector_34
                0x0000000000000ba4                __vector_24
                0x0000000000000ba4                __bad_interrupt
                0x0000000000000ba4                __vector_6
                0x0000000000000ba4                __vector_31
                0x0000000000000ba4                __vector_35
                0x0000000000000ba4                __vector_3
                0x0000000000000ba4                __vector_23
                0x0000000000000ba4                __vector_30
                0x0000000000000ba4                __vector_25
                0x0000000000000ba4                __vector_13
                0x0000000000000ba4                __vector_17
                0x0000000000000ba4                __vector_19
                0x0000000000000ba4                __vector_7
                0x0000000000000ba4                __vector_27
                0x0000000000000ba4                __vector_5
                0x0000000000000ba4                __vector_33
                0x0000000000000ba4                __vector_37
                0x0000000000000ba4                __vector_4
                0x0000000000000ba4                __vector_9
                0x0000000000000ba4                __vector_2
                0x0000000000000ba4                __vector_15
                0x0000000000000ba4                __vector_36
                0x0000000000000ba4                __vector_29
                0x0000000000000ba4                __vector_8
                0x0000000000000ba4                __vector_26
                0x0000000000000ba4                __vector_14
                0x0000000000000ba4                __vector_16
                0x0000000000000ba4                __vector_18
                0x0000000000000ba4                __vector_20
 .text          0x0000000000000ba8      0x15c obj_gh60_lufa/common/avr/xprintf.o
                0x0000000000000ba8                xputc
                0x0000000000000bc0                xputs
                0x0000000000000bce                xitoa
                0x0000000000000cf2                __xprintf
                0x0000000000000d04                . = ALIGN (0x2)
 *(.text.*)
 .text.unselect_rows
                0x0000000000000d04        0xe obj_gh60_lufa/matrix.o
 .text.matrix_init
                0x0000000000000d12       0x34 obj_gh60_lufa/matrix.o
                0x0000000000000d12                matrix_init
 .text.matrix_scan
                0x0000000000000d46      0x212 obj_gh60_lufa/matrix.o
                0x0000000000000d46                matrix_scan
 .text.matrix_get_row
                0x0000000000000f58       0x12 obj_gh60_lufa/matrix.o
                0x0000000000000f58                matrix_get_row
 .text.led_set  0x0000000000000f6a        0xe obj_gh60_lufa/led.o
                0x0000000000000f6a                led_set
 .text.keyboard_leds
                0x0000000000000f78        0x6 obj_gh60_lufa/protocol/lufa/lufa.o
 .text.sendchar
                0x0000000000000f7e       0xc8 obj_gh60_lufa/protocol/lufa/lufa.o
                0x0000000000000f7e                sendchar
 .text.send_consumer
                0x0000000000001046       0x66 obj_gh60_lufa/protocol/lufa/lufa.o
 .text.send_system
                0x00000000000010ac       0x68 obj_gh60_lufa/protocol/lufa/lufa.o
 .text.send_mouse
                0x0000000000001114       0x46 obj_gh60_lufa/protocol/lufa/lufa.o
 .text.send_keyboard
                0x000000000000115a       0x62 obj_gh60_lufa/protocol/lufa/lufa.o
 .text.EVENT_USB_Device_Connect
                0x00000000000011bc       0x24 obj_gh60_lufa/protocol/lufa/lufa.o
                0x00000000000011bc                EVENT_USB_Device_Connect
 .text.EVENT_USB_Device_Disconnect
                0x00000000000011e0        0xe obj_gh60_lufa/protocol/lufa/lufa.o
                0x00000000000011e0                EVENT_USB_Device_Disconnect
 .text.EVENT_USB_Device_Reset
                0x00000000000011ee        0x2 obj_gh60_lufa/protocol/lufa/lufa.o
                0x00000000000011ee                EVENT_USB_Device_Reset
 .text.EVENT_USB_Device_StartOfFrame
                0x00000000000011f0       0x80 obj_gh60_lufa/protocol/lufa/lufa.o
                0x00000000000011f0                EVENT_USB_Device_StartOfFrame
 .text.EVENT_USB_Device_ConfigurationChanged
                0x0000000000001270       0x28 obj_gh60_lufa/protocol/lufa/lufa.o
                0x0000000000001270                EVENT_USB_Device_ConfigurationChanged
 .text.EVENT_USB_Device_ControlRequest
                0x0000000000001298      0x160 obj_gh60_lufa/protocol/lufa/lufa.o
                0x0000000000001298                EVENT_USB_Device_ControlRequest
 .text.hook_early_init
                0x00000000000013f8        0x2 obj_gh60_lufa/protocol/lufa/lufa.o
                0x00000000000013f8                hook_early_init
 .text.hook_late_init
                0x00000000000013fa        0x2 obj_gh60_lufa/protocol/lufa/lufa.o
                0x00000000000013fa                hook_late_init
 .text.hook_usb_suspend_entry
                0x00000000000013fc       0x1a obj_gh60_lufa/protocol/lufa/lufa.o
                0x00000000000013fc                hook_usb_suspend_entry
 .text.EVENT_USB_Device_Suspend
                0x0000000000001416        0x4 obj_gh60_lufa/protocol/lufa/lufa.o
                0x0000000000001416                EVENT_USB_Device_Suspend
 .text.hook_usb_suspend_loop
                0x000000000000141a       0x18 obj_gh60_lufa/protocol/lufa/lufa.o
                0x000000000000141a                hook_usb_suspend_loop
 .text.startup.main
                0x0000000000001432       0x90 obj_gh60_lufa/protocol/lufa/lufa.o
                0x0000000000001432                main
 .text.hook_usb_wakeup
                0x00000000000014c2        0xe obj_gh60_lufa/protocol/lufa/lufa.o
                0x00000000000014c2                hook_usb_wakeup
 .text.EVENT_USB_Device_WakeUp
                0x00000000000014d0        0x4 obj_gh60_lufa/protocol/lufa/lufa.o
                0x00000000000014d0                EVENT_USB_Device_WakeUp
 .text.CALLBACK_USB_GetDescriptor
                0x00000000000014d4       0xb2 obj_gh60_lufa/protocol/lufa/descriptor.o
                0x00000000000014d4                CALLBACK_USB_GetDescriptor
 .text.USB_Device_SendRemoteWakeup
                0x0000000000001586       0x2c obj_gh60_lufa/protocol/lufa/LUFA-git/LUFA/Drivers/USB/Core/AVR8/Device_AVR8.o
                0x0000000000001586                USB_Device_SendRemoteWakeup
 .text.Endpoint_Write_Stream_LE
                0x00000000000015b2       0x92 obj_gh60_lufa/protocol/lufa/LUFA-git/LUFA/Drivers/USB/Core/AVR8/EndpointStream_AVR8.o
                0x00000000000015b2                Endpoint_Write_Stream_LE
 .text.Endpoint_Write_Control_Stream_LE
                0x0000000000001644       0xba obj_gh60_lufa/protocol/lufa/LUFA-git/LUFA/Drivers/USB/Core/AVR8/EndpointStream_AVR8.o
                0x0000000000001644                Endpoint_Write_Control_Stream_LE
 .text.Endpoint_Write_Control_PStream_LE
                0x00000000000016fe       0xc0 obj_gh60_lufa/protocol/lufa/LUFA-git/LUFA/Drivers/USB/Core/AVR8/EndpointStream_AVR8.o
                0x00000000000016fe                Endpoint_Write_Control_PStream_LE
 .text.Endpoint_ConfigureEndpoint_Prv
                0x00000000000017be       0x6a obj_gh60_lufa/protocol/lufa/LUFA-git/LUFA/Drivers/USB/Core/AVR8/Endpoint_AVR8.o
                0x00000000000017be                Endpoint_ConfigureEndpoint_Prv
 .text.Endpoint_ClearStatusStage
                0x0000000000001828       0x42 obj_gh60_lufa/protocol/lufa/LUFA-git/LUFA/Drivers/USB/Core/AVR8/Endpoint_AVR8.o
                0x0000000000001828                Endpoint_ClearStatusStage
 .text.Endpoint_WaitUntilReady
                0x000000000000186a       0x60 obj_gh60_lufa/protocol/lufa/LUFA-git/LUFA/Drivers/USB/Core/AVR8/Endpoint_AVR8.o
                0x000000000000186a                Endpoint_WaitUntilReady
 .text.USB_Disable
                0x00000000000018ca       0x34 obj_gh60_lufa/protocol/lufa/LUFA-git/LUFA/Drivers/USB/Core/AVR8/USBController_AVR8.o
                0x00000000000018ca                USB_Disable
 .text.USB_ResetInterface
                0x00000000000018fe       0x90 obj_gh60_lufa/protocol/lufa/LUFA-git/LUFA/Drivers/USB/Core/AVR8/USBController_AVR8.o
                0x00000000000018fe                USB_ResetInterface
 .text.USB_Init
                0x000000000000198e       0x1e obj_gh60_lufa/protocol/lufa/LUFA-git/LUFA/Drivers/USB/Core/AVR8/USBController_AVR8.o
                0x000000000000198e                USB_Init
 .text.USB_INT_DisableAllInterrupts
                0x00000000000019ac       0x10 obj_gh60_lufa/protocol/lufa/LUFA-git/LUFA/Drivers/USB/Core/AVR8/USBInterrupt_AVR8.o
                0x00000000000019ac                USB_INT_DisableAllInterrupts
 .text.USB_INT_ClearAllInterrupts
                0x00000000000019bc        0xa obj_gh60_lufa/protocol/lufa/LUFA-git/LUFA/Drivers/USB/Core/AVR8/USBInterrupt_AVR8.o
                0x00000000000019bc                USB_INT_ClearAllInterrupts
 .text.__vector_10
                0x00000000000019c6      0x1ac obj_gh60_lufa/protocol/lufa/LUFA-git/LUFA/Drivers/USB/Core/AVR8/USBInterrupt_AVR8.o
                0x00000000000019c6                __vector_10
 .text.__vector_11
                0x0000000000001b72       0x80 obj_gh60_lufa/protocol/lufa/LUFA-git/LUFA/Drivers/USB/Core/AVR8/USBInterrupt_AVR8.o
                0x0000000000001b72                __vector_11
 .text.USB_Device_ProcessControlRequest
                0x0000000000001bf2      0x29c obj_gh60_lufa/protocol/lufa/LUFA-git/LUFA/Drivers/USB/Core/DeviceStandardReq.o
                0x0000000000001bf2                USB_Device_ProcessControlRequest
 .text.host_set_driver
                0x0000000000001e8e        0xa obj_gh60_lufa/common/host.o
                0x0000000000001e8e                host_set_driver
 .text.host_keyboard_leds
                0x0000000000001e98       0x18 obj_gh60_lufa/common/host.o
                0x0000000000001e98                host_keyboard_leds
 .text.host_keyboard_send
                0x0000000000001eb0       0x8a obj_gh60_lufa/common/host.o
                0x0000000000001eb0                host_keyboard_send
 .text.host_mouse_send
                0x0000000000001f3a       0x16 obj_gh60_lufa/common/host.o
                0x0000000000001f3a                host_mouse_send
 .text.host_system_send
                0x0000000000001f50       0x5c obj_gh60_lufa/common/host.o
                0x0000000000001f50                host_system_send
 .text.host_consumer_send
                0x0000000000001fac       0x5c obj_gh60_lufa/common/host.o
                0x0000000000001fac                host_consumer_send
 .text.keyboard_setup
                0x0000000000002008        0x4 obj_gh60_lufa/common/keyboard.o
                0x0000000000002008                keyboard_setup
 .text.keyboard_init
                0x000000000000200c        0xc obj_gh60_lufa/common/keyboard.o
                0x000000000000200c                keyboard_init
 .text.keyboard_task
                0x0000000000002018      0x1a2 obj_gh60_lufa/common/keyboard.o
                0x0000000000002018                keyboard_task
 .text.keyboard_set_leds
                0x00000000000021ba        0x4 obj_gh60_lufa/common/keyboard.o
                0x00000000000021ba                keyboard_set_leds
 .text.matrix_clear
                0x00000000000021be        0x2 obj_gh60_lufa/common/matrix.o
                0x00000000000021be                matrix_clear
 .text.matrix_setup
                0x00000000000021c0        0x2 obj_gh60_lufa/common/matrix.o
                0x00000000000021c0                matrix_setup
 .text.matrix_print
                0x00000000000021c2       0x68 obj_gh60_lufa/common/matrix.o
                0x00000000000021c2                matrix_print
 .text.matrix_power_up
                0x000000000000222a        0x2 obj_gh60_lufa/common/matrix.o
                0x000000000000222a                matrix_power_up
 .text.matrix_power_down
                0x000000000000222c        0x2 obj_gh60_lufa/common/matrix.o
                0x000000000000222c                matrix_power_down
 .text.action_exec
                0x000000000000222e       0x84 obj_gh60_lufa/common/action.o
                0x000000000000222e                action_exec
 .text.register_code
                0x00000000000022b2      0x1dc obj_gh60_lufa/common/action.o
                0x00000000000022b2                register_code
 .text.unregister_code
                0x000000000000248e       0xd4 obj_gh60_lufa/common/action.o
                0x000000000000248e                unregister_code
 .text.register_mods
                0x0000000000002562        0xe obj_gh60_lufa/common/action.o
                0x0000000000002562                register_mods
 .text.unregister_mods
                0x0000000000002570        0xe obj_gh60_lufa/common/action.o
                0x0000000000002570                unregister_mods
 .text.process_action
                0x000000000000257e      0x63e obj_gh60_lufa/common/action.o
                0x000000000000257e                process_action
 .text.clear_keyboard_but_mods
                0x0000000000002bbc       0x24 obj_gh60_lufa/common/action.o
                0x0000000000002bbc                clear_keyboard_but_mods
 .text.clear_keyboard
                0x0000000000002be0        0x8 obj_gh60_lufa/common/action.o
                0x0000000000002be0                clear_keyboard
 .text.is_tap_key
                0x0000000000002be8       0x6e obj_gh60_lufa/common/action.o
                0x0000000000002be8                is_tap_key
 .text.debug_event
                0x0000000000002c56       0x1e obj_gh60_lufa/common/action.o
                0x0000000000002c56                debug_event
 .text.debug_record
                0x0000000000002c74       0x20 obj_gh60_lufa/common/action.o
                0x0000000000002c74                debug_record
 .text.debug_waiting_buffer
                0x0000000000002c94       0x42 obj_gh60_lufa/common/action_tapping.o
 .text.debug_tapping_key
                0x0000000000002cd6       0x1c obj_gh60_lufa/common/action_tapping.o
 .text.waiting_buffer_scan_tap
                0x0000000000002cf2       0xd0 obj_gh60_lufa/common/action_tapping.o
 .text.process_tapping
                0x0000000000002dc2      0x3da obj_gh60_lufa/common/action_tapping.o
 .text.action_tapping_process
                0x000000000000319c      0x15a obj_gh60_lufa/common/action_tapping.o
                0x000000000000319c                action_tapping_process
 .text.action_macro_play
                0x00000000000032f6      0x13a obj_gh60_lufa/common/action_macro.o
                0x00000000000032f6                action_macro_play
 .text.default_layer_state_set
                0x0000000000003430       0x18 obj_gh60_lufa/common/action_layer.o
 .text.layer_state_set
                0x0000000000003448       0x18 obj_gh60_lufa/common/action_layer.o
 .text.default_layer_debug
                0x0000000000003460        0x2 obj_gh60_lufa/common/action_layer.o
                0x0000000000003460                default_layer_debug
 .text.default_layer_set
                0x0000000000003462        0x4 obj_gh60_lufa/common/action_layer.o
                0x0000000000003462                default_layer_set
 .text.default_layer_or
                0x0000000000003466       0x24 obj_gh60_lufa/common/action_layer.o
                0x0000000000003466                default_layer_or
 .text.default_layer_and
                0x000000000000348a       0x24 obj_gh60_lufa/common/action_layer.o
                0x000000000000348a                default_layer_and
 .text.default_layer_xor
                0x00000000000034ae       0x24 obj_gh60_lufa/common/action_layer.o
                0x00000000000034ae                default_layer_xor
 .text.layer_clear
                0x00000000000034d2        0xa obj_gh60_lufa/common/action_layer.o
                0x00000000000034d2                layer_clear
 .text.layer_move
                0x00000000000034dc       0x1e obj_gh60_lufa/common/action_layer.o
                0x00000000000034dc                layer_move
 .text.layer_on
                0x00000000000034fa       0x36 obj_gh60_lufa/common/action_layer.o
                0x00000000000034fa                layer_on
 .text.layer_off
                0x0000000000003530       0x3e obj_gh60_lufa/common/action_layer.o
                0x0000000000003530                layer_off
 .text.layer_invert
                0x000000000000356e       0x36 obj_gh60_lufa/common/action_layer.o
                0x000000000000356e                layer_invert
 .text.layer_or
                0x00000000000035a4       0x24 obj_gh60_lufa/common/action_layer.o
                0x00000000000035a4                layer_or
 .text.layer_and
                0x00000000000035c8       0x24 obj_gh60_lufa/common/action_layer.o
                0x00000000000035c8                layer_and
 .text.layer_xor
                0x00000000000035ec       0x24 obj_gh60_lufa/common/action_layer.o
                0x00000000000035ec                layer_xor
 .text.layer_debug
                0x0000000000003610        0x2 obj_gh60_lufa/common/action_layer.o
                0x0000000000003610                layer_debug
 .text.layer_switch_get_action
                0x0000000000003612       0x84 obj_gh60_lufa/common/action_layer.o
                0x0000000000003612                layer_switch_get_action
 .text.add_key  0x0000000000003696       0x42 obj_gh60_lufa/common/action_util.o
                0x0000000000003696                add_key
 .text.del_key  0x00000000000036d8       0x26 obj_gh60_lufa/common/action_util.o
                0x00000000000036d8                del_key
 .text.clear_keys
                0x00000000000036fe       0x1c obj_gh60_lufa/common/action_util.o
                0x00000000000036fe                clear_keys
 .text.get_mods
                0x000000000000371a        0x6 obj_gh60_lufa/common/action_util.o
                0x000000000000371a                get_mods
 .text.add_mods
                0x0000000000003720        0xc obj_gh60_lufa/common/action_util.o
                0x0000000000003720                add_mods
 .text.del_mods
                0x000000000000372c        0xe obj_gh60_lufa/common/action_util.o
                0x000000000000372c                del_mods
 .text.set_mods
                0x000000000000373a        0x6 obj_gh60_lufa/common/action_util.o
                0x000000000000373a                set_mods
 .text.clear_mods
                0x0000000000003740        0x6 obj_gh60_lufa/common/action_util.o
                0x0000000000003740                clear_mods
 .text.add_weak_mods
                0x0000000000003746        0xc obj_gh60_lufa/common/action_util.o
                0x0000000000003746                add_weak_mods
 .text.del_weak_mods
                0x0000000000003752        0xe obj_gh60_lufa/common/action_util.o
                0x0000000000003752                del_weak_mods
 .text.clear_weak_mods
                0x0000000000003760        0x6 obj_gh60_lufa/common/action_util.o
                0x0000000000003760                clear_weak_mods
 .text.set_oneshot_mods
                0x0000000000003766        0x6 obj_gh60_lufa/common/action_util.o
                0x0000000000003766                set_oneshot_mods
 .text.clear_oneshot_mods
                0x000000000000376c        0x6 obj_gh60_lufa/common/action_util.o
                0x000000000000376c                clear_oneshot_mods
 .text.has_anykey
                0x0000000000003772       0x26 obj_gh60_lufa/common/action_util.o
                0x0000000000003772                has_anykey
 .text.send_keyboard_report
                0x0000000000003798       0x4c obj_gh60_lufa/common/action_util.o
                0x0000000000003798                send_keyboard_report
 .text.print_set_sendchar
                0x00000000000037e4        0xa obj_gh60_lufa/common/print.o
                0x00000000000037e4                print_set_sendchar
 .text.bitrev   0x00000000000037ee       0x24 obj_gh60_lufa/common/util.o
                0x00000000000037ee                bitrev
 .text.bitrev16
                0x0000000000003812       0x34 obj_gh60_lufa/common/util.o
                0x0000000000003812                bitrev16
 .text.hook_keyboard_loop
                0x0000000000003846        0x2 obj_gh60_lufa/common/hook.o
                0x0000000000003846                hook_keyboard_loop
 .text.hook_matrix_change
                0x0000000000003848       0x1e obj_gh60_lufa/common/hook.o
                0x0000000000003848                hook_matrix_change
 .text.hook_default_layer_change
                0x0000000000003866        0x2 obj_gh60_lufa/common/hook.o
                0x0000000000003866                hook_default_layer_change
 .text.hook_layer_change
                0x0000000000003868        0x2 obj_gh60_lufa/common/hook.o
                0x0000000000003868                hook_layer_change
 .text.hook_keyboard_leds_change
                0x000000000000386a        0x4 obj_gh60_lufa/common/hook.o
                0x000000000000386a                hook_keyboard_leds_change
 .text.hook_bootmagic
                0x000000000000386e        0x2 obj_gh60_lufa/common/hook.o
                0x000000000000386e                hook_bootmagic
 .text.suspend_power_down
                0x0000000000003870       0x4c obj_gh60_lufa/common/avr/suspend.o
                0x0000000000003870                suspend_power_down
 .text.suspend_wakeup_condition
                0x00000000000038bc       0x2a obj_gh60_lufa/common/avr/suspend.o
                0x00000000000038bc                suspend_wakeup_condition
 .text.suspend_wakeup_init
                0x00000000000038e6        0x8 obj_gh60_lufa/common/avr/suspend.o
                0x00000000000038e6                suspend_wakeup_init
 .text.__vector_12
                0x00000000000038ee       0x52 obj_gh60_lufa/common/avr/suspend.o
                0x00000000000038ee                __vector_12
 .text.timer_init
                0x0000000000003940       0x12 obj_gh60_lufa/common/avr/timer.o
                0x0000000000003940                timer_init
 .text.timer_read
                0x0000000000003952       0x18 obj_gh60_lufa/common/avr/timer.o
                0x0000000000003952                timer_read
 .text.timer_read32
                0x000000000000396a       0x18 obj_gh60_lufa/common/avr/timer.o
                0x000000000000396a                timer_read32
 .text.timer_elapsed
                0x0000000000003982       0x52 obj_gh60_lufa/common/avr/timer.o
                0x0000000000003982                timer_elapsed
 .text.__vector_21
                0x00000000000039d4       0x4a obj_gh60_lufa/common/avr/timer.o
                0x00000000000039d4                __vector_21
 .text.bootloader_jump
                0x0000000000003a1e       0x46 obj_gh60_lufa/common/avr/bootloader.o
                0x0000000000003a1e                bootloader_jump
 .text.keycode_to_action
                0x0000000000003a64      0x128 obj_gh60_lufa/common/keymap.o
 .text.action_get_macro
                0x0000000000003b8c        0x6 obj_gh60_lufa/common/keymap.o
                0x0000000000003b8c                action_get_macro
 .text.action_function
                0x0000000000003b92        0x2 obj_gh60_lufa/common/keymap.o
                0x0000000000003b92                action_function
 .text.keymap_key_to_keycode
                0x0000000000003b94       0x1e obj_gh60_lufa/common/keymap.o
                0x0000000000003b94                keymap_key_to_keycode
 .text.keymap_fn_to_action
                0x0000000000003bb2       0x12 obj_gh60_lufa/common/keymap.o
                0x0000000000003bb2                keymap_fn_to_action
 .text.action_for_key
                0x0000000000003bc4       0xe6 obj_gh60_lufa/common/keymap.o
                0x0000000000003bc4                action_for_key
 .text.scan_key
                0x0000000000003caa       0x90 obj_gh60_lufa/common/bootmagic.o
 .text.bootmagic_scan_key
                0x0000000000003d3a       0x24 obj_gh60_lufa/common/bootmagic.o
                0x0000000000003d3a                bootmagic_scan_key
 .text.bootmagic
                0x0000000000003d5e      0x28a obj_gh60_lufa/common/bootmagic.o
                0x0000000000003d5e                bootmagic
 .text.eeconfig_init
                0x0000000000003fe8       0x34 obj_gh60_lufa/common/avr/eeconfig.o
                0x0000000000003fe8                eeconfig_init
 .text.eeconfig_is_enabled
                0x000000000000401c       0x16 obj_gh60_lufa/common/avr/eeconfig.o
                0x000000000000401c                eeconfig_is_enabled
 .text.eeconfig_read_debug
                0x0000000000004032        0x8 obj_gh60_lufa/common/avr/eeconfig.o
                0x0000000000004032                eeconfig_read_debug
 .text.eeconfig_write_debug
                0x000000000000403a        0xa obj_gh60_lufa/common/avr/eeconfig.o
                0x000000000000403a                eeconfig_write_debug
 .text.eeconfig_read_default_layer
                0x0000000000004044        0x8 obj_gh60_lufa/common/avr/eeconfig.o
                0x0000000000004044                eeconfig_read_default_layer
 .text.eeconfig_write_default_layer
                0x000000000000404c        0xa obj_gh60_lufa/common/avr/eeconfig.o
                0x000000000000404c                eeconfig_write_default_layer
 .text.eeconfig_read_keymap
                0x0000000000004056        0x8 obj_gh60_lufa/common/avr/eeconfig.o
                0x0000000000004056                eeconfig_read_keymap
 .text.eeconfig_write_keymap
                0x000000000000405e        0xa obj_gh60_lufa/common/avr/eeconfig.o
                0x000000000000405e                eeconfig_write_keymap
 .text.move_unit
                0x0000000000004068       0x90 obj_gh60_lufa/common/mousekey.o
 .text.wheel_unit
                0x00000000000040f8       0x72 obj_gh60_lufa/common/mousekey.o
 .text.mousekey_on
                0x000000000000416a       0xd0 obj_gh60_lufa/common/mousekey.o
                0x000000000000416a                mousekey_on
 .text.mousekey_off
                0x000000000000423a      0x10a obj_gh60_lufa/common/mousekey.o
                0x000000000000423a                mousekey_off
 .text.mousekey_send
                0x0000000000004344      0x11a obj_gh60_lufa/common/mousekey.o
                0x0000000000004344                mousekey_send
 .text.mousekey_task
                0x000000000000445e      0x142 obj_gh60_lufa/common/mousekey.o
                0x000000000000445e                mousekey_task
 .text.mousekey_clear
                0x00000000000045a0       0x18 obj_gh60_lufa/common/mousekey.o
                0x00000000000045a0                mousekey_clear
 .text.mousekey_console_help
                0x00000000000045b8       0x2e obj_gh60_lufa/common/command.o
 .text.mousekey_param_inc
                0x00000000000045e6      0x146 obj_gh60_lufa/common/command.o
 .text.mousekey_param_dec
                0x000000000000472c       0xfc obj_gh60_lufa/common/command.o
 .text.switch_default_layer
                0x0000000000004828       0x3c obj_gh60_lufa/common/command.o
 .text.command_common
                0x0000000000004864      0x49e obj_gh60_lufa/common/command.o
 .text.command_extra
                0x0000000000004d02        0x4 obj_gh60_lufa/common/command.o
                0x0000000000004d02                command_extra
 .text.command_console_extra
                0x0000000000004d06        0x4 obj_gh60_lufa/common/command.o
                0x0000000000004d06                command_console_extra
 .text.command_proc
                0x0000000000004d0a      0x2a4 obj_gh60_lufa/common/command.o
                0x0000000000004d0a                command_proc
 .text.avr-libc.fplib
                0x0000000000004fae        0xa /usr/lib/gcc/avr/4.8.2/../../../avr/lib/avr51/libm.a(fixsfsi.o)
                0x0000000000004fae                __fixsfsi
 .text.avr-libc.fplib
                0x0000000000004fb8       0x58 /usr/lib/gcc/avr/4.8.2/../../../avr/lib/avr51/libm.a(fixunssfsi.o)
                0x0000000000004fb8                __fixunssfsi
 .text.avr-libc.fplib
                0x0000000000005010       0x7a /usr/lib/gcc/avr/4.8.2/../../../avr/lib/avr51/libm.a(floatsisf.o)
                0x0000000000005010                __floatunsisf
                0x0000000000005014                __floatsisf
 .text.avr-libc.fplib
                0x000000000000508a       0x44 /usr/lib/gcc/avr/4.8.2/../../../avr/lib/avr51/libm.a(fp_split3.o)
                0x000000000000508a                __fp_split3
                0x000000000000509a                __fp_splitA
 .text.avr-libc.fplib
                0x00000000000050ce        0xe /usr/lib/gcc/avr/4.8.2/../../../avr/lib/avr51/libm.a(fp_zero.o)
                0x00000000000050ce                __fp_zero
                0x00000000000050d0                __fp_szero
 .text.avr-libc.fplib
                0x00000000000050dc        0x4 /usr/lib/gcc/avr/4.8.2/../../../avr/lib/avr51/libm.a(mulsf3.o)
                0x00000000000050dc                __mulsf3
 .text.avr-libc.fplib
                0x00000000000050e0       0xc2 /usr/lib/gcc/avr/4.8.2/../../../avr/lib/avr51/libm.a(mulsf3x.o)
                0x00000000000050f4                __mulsf3x
                0x00000000000050f8                __mulsf3_pse
 .text.avr-libc.fplib
                0x00000000000051a2        0xc /usr/lib/gcc/avr/4.8.2/../../../avr/lib/avr51/libm.a(fp_inf.o)
                0x00000000000051a2                __fp_inf
 .text.avr-libc.fplib
                0x00000000000051ae        0x6 /usr/lib/gcc/avr/4.8.2/../../../avr/lib/avr51/libm.a(fp_nan.o)
                0x00000000000051ae                __fp_nan
 .text.avr-libc.fplib
                0x00000000000051b4        0xe /usr/lib/gcc/avr/4.8.2/../../../avr/lib/avr51/libm.a(fp_pscA.o)
                0x00000000000051b4                __fp_pscA
 .text.avr-libc.fplib
                0x00000000000051c2        0xe /usr/lib/gcc/avr/4.8.2/../../../avr/lib/avr51/libm.a(fp_pscB.o)
                0x00000000000051c2                __fp_pscB
 .text.avr-libc.fplib
                0x00000000000051d0       0x22 /usr/lib/gcc/avr/4.8.2/../../../avr/lib/avr51/libm.a(fp_round.o)
                0x00000000000051d0                __fp_round
 .text.libgcc.div
                0x00000000000051f2       0x18 /usr/lib/gcc/avr/4.8.2/avr51/libgcc.a(_udivmodqi4.o)
                0x00000000000051f2                __udivmodqi4
 .text.libgcc.div
                0x000000000000520a       0x28 /usr/lib/gcc/avr/4.8.2/avr51/libgcc.a(_divmodhi4.o)
                0x000000000000520a                __divmodhi4
                0x000000000000520a                _div
 .text.libgcc   0x0000000000005232        0xc /usr/lib/gcc/avr/4.8.2/avr51/libgcc.a(_tablejump.o)
                0x0000000000005232                __tablejump2__
                0x0000000000005236                __tablejump__
 .text.libgcc.div
                0x000000000000523e       0x28 /usr/lib/gcc/avr/4.8.2/avr51/libgcc.a(_udivmodhi4.o)
                0x000000000000523e                __udivmodhi4
 .text.avr-libc
                0x0000000000005266       0x10 /usr/lib/gcc/avr/4.8.2/../../../avr/lib/avr51/libc.a(eerd_byte_at90usb1286.o)
                0x0000000000005266                __eerd_byte_usb1286
 .text.avr-libc
                0x0000000000005276        0xc /usr/lib/gcc/avr/4.8.2/../../../avr/lib/avr51/libc.a(eerd_word_at90usb1286.o)
                0x0000000000005276                __eerd_word_usb1286
 .text.avr-libc
                0x0000000000005282       0x1c /usr/lib/gcc/avr/4.8.2/../../../avr/lib/avr51/libc.a(eewr_byte_at90usb1286.o)
                0x0000000000005282                __eewr_byte_usb1286
                0x0000000000005284                __eewr_r18_usb1286
 .text.avr-libc
                0x000000000000529e        0xa /usr/lib/gcc/avr/4.8.2/../../../avr/lib/avr51/libc.a(eewr_word_at90usb1286.o)
                0x000000000000529e                __eewr_word_usb1286
 .text.avr-libc
                0x00000000000052a8       0x20 /usr/lib/gcc/avr/4.8.2/../../../avr/lib/avr51/libc.a(eerd_block_at90usb1286.o)
                0x00000000000052a8                __eerd_block_usb1286
                0x00000000000052ac                __eerd_blraw_usb1286
                0x00000000000052c8                . = ALIGN (0x2)
 *(.fini9)
 .fini9         0x00000000000052c8        0x0 /usr/lib/gcc/avr/4.8.2/avr51/libgcc.a(_exit.o)
                0x00000000000052c8                exit
                0x00000000000052c8                _exit
 *(.fini9)
 *(.fini8)
 *(.fini8)
 *(.fini7)
 *(.fini7)
 *(.fini6)
 *(.fini6)
 *(.fini5)
 *(.fini5)
 *(.fini4)
 *(.fini4)
 *(.fini3)
 *(.fini3)
 *(.fini2)
 *(.fini2)
 *(.fini1)
 *(.fini1)
 *(.fini0)
 .fini0         0x00000000000052c8        0x4 /usr/lib/gcc/avr/4.8.2/avr51/libgcc.a(_exit.o)
 *(.fini0)
                0x00000000000052cc                _etext = .

.data           0x0000000000800100       0x34 load address 0x00000000000052cc
                0x0000000000800100                PROVIDE (__data_start, .)
 *(.data)
 .data          0x0000000000800100        0x0 /usr/lib/gcc/avr/4.8.2/../../../avr/lib/avr51/crtusb1286.o
 .data          0x0000000000800100        0x0 obj_gh60_lufa/keymap_poker.o
 .data          0x0000000000800100        0x0 obj_gh60_lufa/matrix.o
 .data          0x0000000000800100        0x0 obj_gh60_lufa/led.o
 .data          0x0000000000800100        0x0 obj_gh60_lufa/protocol/lufa/lufa.o
 .data          0x0000000000800100        0x0 obj_gh60_lufa/protocol/lufa/descriptor.o
 .data          0x0000000000800100        0x0 obj_gh60_lufa/protocol/lufa/LUFA-git/LUFA/Drivers/USB/Class/Common/HIDParser.o
 .data          0x0000000000800100        0x0 obj_gh60_lufa/protocol/lufa/LUFA-git/LUFA/Drivers/USB/Core/AVR8/Device_AVR8.o
 .data          0x0000000000800100        0x0 obj_gh60_lufa/protocol/lufa/LUFA-git/LUFA/Drivers/USB/Core/AVR8/EndpointStream_AVR8.o
 .data          0x0000000000800100        0x0 obj_gh60_lufa/protocol/lufa/LUFA-git/LUFA/Drivers/USB/Core/AVR8/Endpoint_AVR8.o
 .data          0x0000000000800100        0x0 obj_gh60_lufa/protocol/lufa/LUFA-git/LUFA/Drivers/USB/Core/AVR8/Host_AVR8.o
 .data          0x0000000000800100        0x0 obj_gh60_lufa/protocol/lufa/LUFA-git/LUFA/Drivers/USB/Core/AVR8/PipeStream_AVR8.o
 .data          0x0000000000800100        0x0 obj_gh60_lufa/protocol/lufa/LUFA-git/LUFA/Drivers/USB/Core/AVR8/Pipe_AVR8.o
 .data          0x0000000000800100        0x0 obj_gh60_lufa/protocol/lufa/LUFA-git/LUFA/Drivers/USB/Core/AVR8/USBController_AVR8.o
 .data          0x0000000000800100        0x0 obj_gh60_lufa/protocol/lufa/LUFA-git/LUFA/Drivers/USB/Core/AVR8/USBInterrupt_AVR8.o
 .data          0x0000000000800100        0x0 obj_gh60_lufa/protocol/lufa/LUFA-git/LUFA/Drivers/USB/Core/ConfigDescriptors.o
 .data          0x0000000000800100        0x0 obj_gh60_lufa/protocol/lufa/LUFA-git/LUFA/Drivers/USB/Core/DeviceStandardReq.o
 .data          0x0000000000800100        0x0 obj_gh60_lufa/protocol/lufa/LUFA-git/LUFA/Drivers/USB/Core/Events.o
 .data          0x0000000000800100        0x0 obj_gh60_lufa/protocol/lufa/LUFA-git/LUFA/Drivers/USB/Core/HostStandardReq.o
 .data          0x0000000000800100        0x0 obj_gh60_lufa/protocol/lufa/LUFA-git/LUFA/Drivers/USB/Core/USBTask.o
 .data          0x0000000000800100        0x0 obj_gh60_lufa/common/host.o
 .data          0x0000000000800100        0x0 obj_gh60_lufa/common/keyboard.o
 .data          0x0000000000800100        0x0 obj_gh60_lufa/common/matrix.o
 .data          0x0000000000800100        0x0 obj_gh60_lufa/common/action.o
 .data          0x0000000000800100        0x0 obj_gh60_lufa/common/action_tapping.o
 .data          0x0000000000800100        0x0 obj_gh60_lufa/common/action_macro.o
 .data          0x0000000000800100        0x0 obj_gh60_lufa/common/action_layer.o
 .data          0x0000000000800100        0x0 obj_gh60_lufa/common/action_util.o
 .data          0x0000000000800100        0x0 obj_gh60_lufa/common/print.o
 .data          0x0000000000800100        0x0 obj_gh60_lufa/common/debug.o
 .data          0x0000000000800100        0x0 obj_gh60_lufa/common/util.o
 .data          0x0000000000800100        0x0 obj_gh60_lufa/common/hook.o
 .data          0x0000000000800100        0x0 obj_gh60_lufa/common/avr/suspend.o
 .data          0x0000000000800100        0x0 obj_gh60_lufa/common/avr/xprintf.o
 .data          0x0000000000800100        0x0 obj_gh60_lufa/common/avr/timer.o
 .data          0x0000000000800100        0x0 obj_gh60_lufa/common/avr/bootloader.o
 .data          0x0000000000800100        0x0 obj_gh60_lufa/common/keymap.o
 .data          0x0000000000800100        0x0 obj_gh60_lufa/common/bootmagic.o
 .data          0x0000000000800100        0x0 obj_gh60_lufa/common/avr/eeconfig.o
 .data          0x0000000000800100        0x0 obj_gh60_lufa/common/mousekey.o
 .data          0x0000000000800100        0x0 obj_gh60_lufa/common/command.o
 .data          0x0000000000800100        0x0 /usr/lib/gcc/avr/4.8.2/../../../avr/lib/avr51/libm.a(fixsfsi.o)
 .data          0x0000000000800100        0x0 /usr/lib/gcc/avr/4.8.2/../../../avr/lib/avr51/libm.a(fixunssfsi.o)
 .data          0x0000000000800100        0x0 /usr/lib/gcc/avr/4.8.2/../../../avr/lib/avr51/libm.a(floatsisf.o)
 .data          0x0000000000800100        0x0 /usr/lib/gcc/avr/4.8.2/../../../avr/lib/avr51/libm.a(fp_split3.o)
 .data          0x0000000000800100        0x0 /usr/lib/gcc/avr/4.8.2/../../../avr/lib/avr51/libm.a(fp_zero.o)
 .data          0x0000000000800100        0x0 /usr/lib/gcc/avr/4.8.2/../../../avr/lib/avr51/libm.a(mulsf3.o)
 .data          0x0000000000800100        0x0 /usr/lib/gcc/avr/4.8.2/../../../avr/lib/avr51/libm.a(mulsf3x.o)
 .data          0x0000000000800100        0x0 /usr/lib/gcc/avr/4.8.2/../../../avr/lib/avr51/libm.a(fp_inf.o)
 .data          0x0000000000800100        0x0 /usr/lib/gcc/avr/4.8.2/../../../avr/lib/avr51/libm.a(fp_nan.o)
 .data          0x0000000000800100        0x0 /usr/lib/gcc/avr/4.8.2/../../../avr/lib/avr51/libm.a(fp_pscA.o)
 .data          0x0000000000800100        0x0 /usr/lib/gcc/avr/4.8.2/../../../avr/lib/avr51/libm.a(fp_pscB.o)
 .data          0x0000000000800100        0x0 /usr/lib/gcc/avr/4.8.2/../../../avr/lib/avr51/libm.a(fp_round.o)
 .data          0x0000000000800100        0x0 /usr/lib/gcc/avr/4.8.2/avr51/libgcc.a(_udivmodqi4.o)
 .data          0x0000000000800100        0x0 /usr/lib/gcc/avr/4.8.2/avr51/libgcc.a(_divmodhi4.o)
 .data          0x0000000000800100        0x0 /usr/lib/gcc/avr/4.8.2/avr51/libgcc.a(_exit.o)
 .data          0x0000000000800100        0x0 /usr/lib/gcc/avr/4.8.2/avr51/libgcc.a(_tablejump.o)
 .data          0x0000000000800100        0x0 /usr/lib/gcc/avr/4.8.2/avr51/libgcc.a(_copy_data.o)
 .data          0x0000000000800100        0x0 /usr/lib/gcc/avr/4.8.2/avr51/libgcc.a(_clear_bss.o)
 .data          0x0000000000800100        0x0 /usr/lib/gcc/avr/4.8.2/avr51/libgcc.a(_udivmodhi4.o)
 .data          0x0000000000800100        0x0 /usr/lib/gcc/avr/4.8.2/../../../avr/lib/avr51/libc.a(eerd_byte_at90usb1286.o)
 .data          0x0000000000800100        0x0 /usr/lib/gcc/avr/4.8.2/../../../avr/lib/avr51/libc.a(eerd_word_at90usb1286.o)
 .data          0x0000000000800100        0x0 /usr/lib/gcc/avr/4.8.2/../../../avr/lib/avr51/libc.a(eeupd_byte_at90usb1286.o)
 .data          0x0000000000800100        0x0 /usr/lib/gcc/avr/4.8.2/../../../avr/lib/avr51/libc.a(eewr_byte_at90usb1286.o)
 .data          0x0000000000800100        0x0 /usr/lib/gcc/avr/4.8.2/../../../avr/lib/avr51/libc.a(eewr_word_at90usb1286.o)
 .data          0x0000000000800100        0x0 /usr/lib/gcc/avr/4.8.2/../../../avr/lib/avr51/libc.a(eerd_block_at90usb1286.o)
 *(.data*)
 .data.debouncing
                0x0000000000800100        0x1 obj_gh60_lufa/matrix.o
 .data.lufa_driver
                0x0000000000800101        0xa obj_gh60_lufa/protocol/lufa/lufa.o
                0x0000000000800101                lufa_driver
 .data.keyboard_protocol
                0x000000000080010b        0x1 obj_gh60_lufa/protocol/lufa/lufa.o
                0x000000000080010b                keyboard_protocol
 .data.keyboard_report
                0x000000000080010c        0x2 obj_gh60_lufa/common/action_util.o
                0x000000000080010c                keyboard_report
 .data.mk_wheel_time_to_max
                0x000000000080010e        0x1 obj_gh60_lufa/common/mousekey.o
                0x000000000080010e                mk_wheel_time_to_max
 .data.mk_wheel_max_speed
                0x000000000080010f        0x1 obj_gh60_lufa/common/mousekey.o
                0x000000000080010f                mk_wheel_max_speed
 .data.mk_time_to_max
                0x0000000000800110        0x1 obj_gh60_lufa/common/mousekey.o
                0x0000000000800110                mk_time_to_max
 .data.mk_max_speed
                0x0000000000800111        0x1 obj_gh60_lufa/common/mousekey.o
                0x0000000000800111                mk_max_speed
 .data.mk_interval
                0x0000000000800112        0x1 obj_gh60_lufa/common/mousekey.o
                0x0000000000800112                mk_interval
 .data.mk_delay
                0x0000000000800113        0x1 obj_gh60_lufa/common/mousekey.o
                0x0000000000800113                mk_delay
 *(.rodata)
 *(.rodata*)
 .rodata.CSWTCH.3
                0x0000000000800114        0x4 obj_gh60_lufa/protocol/lufa/descriptor.o
 .rodata.CSWTCH.2
                0x0000000000800118        0x8 obj_gh60_lufa/protocol/lufa/descriptor.o
 .rodata.CSWTCH.1
                0x0000000000800120        0x8 obj_gh60_lufa/protocol/lufa/descriptor.o
 .rodata.str1.1
                0x0000000000800128        0x1 obj_gh60_lufa/common/matrix.o
 .rodata.CSWTCH.41
                0x0000000000800129        0xa obj_gh60_lufa/common/command.o
 *(.gnu.linkonce.d*)
                0x0000000000800134                . = ALIGN (0x2)
 *fill*         0x0000000000800133        0x1 
                0x0000000000800134                _edata = .
                0x0000000000800134                PROVIDE (__data_end, .)

.bss            0x0000000000800134       0xa5
                0x0000000000800134                PROVIDE (__bss_start, .)
 *(.bss)
 .bss           0x0000000000800134        0x2 obj_gh60_lufa/common/avr/xprintf.o
                0x0000000000800134                xfunc_out
 *(.bss*)
 .bss.matrix_debouncing
                0x0000000000800136        0xc obj_gh60_lufa/matrix.o
 .bss.matrix    0x0000000000800142        0xc obj_gh60_lufa/matrix.o
 .bss.timeouted.4827
                0x000000000080014e        0x1 obj_gh60_lufa/protocol/lufa/lufa.o
 .bss.count.4761
                0x000000000080014f        0x1 obj_gh60_lufa/protocol/lufa/lufa.o
 .bss._led_stats
                0x0000000000800150        0x1 obj_gh60_lufa/protocol/lufa/lufa.o
 .bss.console_flush
                0x0000000000800151        0x1 obj_gh60_lufa/protocol/lufa/lufa.o
 .bss.keyboard_report_sent
                0x0000000000800152        0x8 obj_gh60_lufa/protocol/lufa/lufa.o
 .bss.keyboard_led_stats
                0x000000000080015a        0x1 obj_gh60_lufa/protocol/lufa/lufa.o
 .bss.keyboard_idle
                0x000000000080015b        0x1 obj_gh60_lufa/protocol/lufa/lufa.o
                0x000000000080015b                keyboard_idle
 .bss.last_consumer_report
                0x000000000080015c        0x2 obj_gh60_lufa/common/host.o
 .bss.last_system_report
                0x000000000080015e        0x2 obj_gh60_lufa/common/host.o
 .bss.driver    0x0000000000800160        0x2 obj_gh60_lufa/common/host.o
 .bss.led_status.2411
                0x0000000000800162        0x1 obj_gh60_lufa/common/keyboard.o
 .bss.matrix_prev.2410
                0x0000000000800163        0xc obj_gh60_lufa/common/keyboard.o
 .bss.waiting_buffer_tail
                0x000000000080016f        0x1 obj_gh60_lufa/common/action_tapping.o
 .bss.waiting_buffer_head
                0x0000000000800170        0x1 obj_gh60_lufa/common/action_tapping.o
 .bss.waiting_buffer
                0x0000000000800171       0x30 obj_gh60_lufa/common/action_tapping.o
 .bss.tapping_key
                0x00000000008001a1        0x6 obj_gh60_lufa/common/action_tapping.o
 .bss.layer_state
                0x00000000008001a7        0x4 obj_gh60_lufa/common/action_layer.o
                0x00000000008001a7                layer_state
 .bss.default_layer_state
                0x00000000008001ab        0x4 obj_gh60_lufa/common/action_layer.o
                0x00000000008001ab                default_layer_state
 .bss.oneshot_mods
                0x00000000008001af        0x1 obj_gh60_lufa/common/action_util.o
 .bss.__compound_literal.0
                0x00000000008001b0        0x8 obj_gh60_lufa/common/action_util.o
 .bss.weak_mods
                0x00000000008001b8        0x1 obj_gh60_lufa/common/action_util.o
 .bss.real_mods
                0x00000000008001b9        0x1 obj_gh60_lufa/common/action_util.o
 .bss.debug_config
                0x00000000008001ba        0x1 obj_gh60_lufa/common/debug.o
                0x00000000008001ba                debug_config
 .bss.wdt_timeout
                0x00000000008001bb        0x1 obj_gh60_lufa/common/avr/suspend.o
 .bss.timer_count
                0x00000000008001bc        0x4 obj_gh60_lufa/common/avr/timer.o
                0x00000000008001bc                timer_count
 .bss.last_timer
                0x00000000008001c0        0x2 obj_gh60_lufa/common/mousekey.o
 .bss.mousekey_accel
                0x00000000008001c2        0x1 obj_gh60_lufa/common/mousekey.o
 .bss.mousekey_repeat
                0x00000000008001c3        0x1 obj_gh60_lufa/common/mousekey.o
 .bss.mouse_report
                0x00000000008001c4        0x5 obj_gh60_lufa/common/mousekey.o
 .bss.mousekey_param
                0x00000000008001c9        0x1 obj_gh60_lufa/common/command.o
 .bss.command_state
                0x00000000008001ca        0x1 obj_gh60_lufa/common/command.o
                0x00000000008001ca                command_state
 *(COMMON)
 COMMON         0x00000000008001cb        0x3 obj_gh60_lufa/protocol/lufa/LUFA-git/LUFA/Drivers/USB/Core/DeviceStandardReq.o
                0x00000000008001cb                USB_Device_ConfigurationNumber
                0x00000000008001cc                USB_Device_CurrentlySelfPowered
                0x00000000008001cd                USB_Device_RemoteWakeupEnabled
 COMMON         0x00000000008001ce        0xa obj_gh60_lufa/protocol/lufa/LUFA-git/LUFA/Drivers/USB/Core/USBTask.o
                0x00000000008001ce                USB_IsInitialized
                0x00000000008001cf                USB_DeviceState
                0x00000000008001d0                USB_ControlRequest
 COMMON         0x00000000008001d8        0x1 obj_gh60_lufa/common/bootmagic.o
                0x00000000008001d8                keymap_config
                0x00000000008001d9                PROVIDE (__bss_end, .)
                0x00000000000052cc                __data_load_start = LOADADDR (.data)
                0x0000000000005300                __data_load_end = (__data_load_start + SIZEOF (.data))

.noinit         0x00000000008001d9        0x4
                0x00000000008001d9                PROVIDE (__noinit_start, .)
 *(.noinit*)
 .noinit        0x00000000008001d9        0x4 obj_gh60_lufa/common/avr/bootloader.o
                0x00000000008001d9                reset_key
                0x00000000008001dd                PROVIDE (__noinit_end, .)
                0x00000000008001dd                _end = .
                0x00000000008001dd                PROVIDE (__heap_start, .)

.eeprom         0x0000000000810000        0x0
 *(.eeprom*)
                0x0000000000810000                __eeprom_end = .

.fuse
 *(.fuse)
 *(.lfuse)
 *(.hfuse)
 *(.efuse)

.lock
 *(.lock*)

.signature
 *(.signature*)

.user_signatures
 *(.user_signatures*)

.stab           0x0000000000000000     0x23dc
 *(.stab)
 .stab          0x0000000000000000      0x6cc /usr/lib/gcc/avr/4.8.2/../../../avr/lib/avr51/crtusb1286.o
 .stab          0x00000000000006cc      0x8ac obj_gh60_lufa/common/avr/xprintf.o
                                        0x8b8 (size before relaxing)
 .stab          0x0000000000000f78       0x6c /usr/lib/gcc/avr/4.8.2/../../../avr/lib/avr51/libm.a(fixsfsi.o)
                                         0x78 (size before relaxing)
 .stab          0x0000000000000fe4      0x240 /usr/lib/gcc/avr/4.8.2/../../../avr/lib/avr51/libm.a(fixunssfsi.o)
                                        0x24c (size before relaxing)
 .stab          0x0000000000001224      0x318 /usr/lib/gcc/avr/4.8.2/../../../avr/lib/avr51/libm.a(floatsisf.o)
                                        0x324 (size before relaxing)
 .stab          0x000000000000153c      0x1d4 /usr/lib/gcc/avr/4.8.2/../../../avr/lib/avr51/libm.a(fp_split3.o)
                                        0x1e0 (size before relaxing)
 .stab          0x0000000000001710       0x90 /usr/lib/gcc/avr/4.8.2/../../../avr/lib/avr51/libm.a(fp_zero.o)
                                         0x9c (size before relaxing)
 .stab          0x00000000000017a0       0x48 /usr/lib/gcc/avr/4.8.2/../../../avr/lib/avr51/libm.a(mulsf3.o)
                                         0x54 (size before relaxing)
 .stab          0x00000000000017e8      0x4d4 /usr/lib/gcc/avr/4.8.2/../../../avr/lib/avr51/libm.a(mulsf3x.o)
                                        0x4e0 (size before relaxing)
 .stab          0x0000000000001cbc       0x78 /usr/lib/gcc/avr/4.8.2/../../../avr/lib/avr51/libm.a(fp_inf.o)
                                         0x84 (size before relaxing)
 .stab          0x0000000000001d34       0x54 /usr/lib/gcc/avr/4.8.2/../../../avr/lib/avr51/libm.a(fp_nan.o)
                                         0x60 (size before relaxing)
 .stab          0x0000000000001d88       0x84 /usr/lib/gcc/avr/4.8.2/../../../avr/lib/avr51/libm.a(fp_pscA.o)
                                         0x90 (size before relaxing)
 .stab          0x0000000000001e0c       0x84 /usr/lib/gcc/avr/4.8.2/../../../avr/lib/avr51/libm.a(fp_pscB.o)
                                         0x90 (size before relaxing)
 .stab          0x0000000000001e90       0xfc /usr/lib/gcc/avr/4.8.2/../../../avr/lib/avr51/libm.a(fp_round.o)
                                        0x108 (size before relaxing)
 .stab          0x0000000000001f8c       0x90 /usr/lib/gcc/avr/4.8.2/../../../avr/lib/avr51/libc.a(eerd_byte_at90usb1286.o)
                                         0x9c (size before relaxing)
 .stab          0x000000000000201c       0x6c /usr/lib/gcc/avr/4.8.2/../../../avr/lib/avr51/libc.a(eerd_word_at90usb1286.o)
                                         0x78 (size before relaxing)
 .stab          0x0000000000002088      0x114 /usr/lib/gcc/avr/4.8.2/../../../avr/lib/avr51/libc.a(eeupd_byte_at90usb1286.o)
                                        0x120 (size before relaxing)
 .stab          0x000000000000219c       0xe4 /usr/lib/gcc/avr/4.8.2/../../../avr/lib/avr51/libc.a(eewr_byte_at90usb1286.o)
                                         0xf0 (size before relaxing)
 .stab          0x0000000000002280       0x54 /usr/lib/gcc/avr/4.8.2/../../../avr/lib/avr51/libc.a(eewr_word_at90usb1286.o)
                                         0x60 (size before relaxing)
 .stab          0x00000000000022d4      0x108 /usr/lib/gcc/avr/4.8.2/../../../avr/lib/avr51/libc.a(eerd_block_at90usb1286.o)
                                        0x114 (size before relaxing)

.stabstr        0x0000000000000000      0x405
 *(.stabstr)
 .stabstr       0x0000000000000000      0x405 /usr/lib/gcc/avr/4.8.2/../../../avr/lib/avr51/crtusb1286.o

.stab.excl
 *(.stab.excl)

.stab.exclstr
 *(.stab.exclstr)

.stab.index
 *(.stab.index)

.stab.indexstr
 *(.stab.indexstr)

.comment        0x0000000000000000       0x11
 *(.comment)
 .comment       0x0000000000000000       0x11 obj_gh60_lufa/keymap_poker.o
                                         0x12 (size before relaxing)
 .comment       0x0000000000000000       0x12 obj_gh60_lufa/matrix.o
 .comment       0x0000000000000000       0x12 obj_gh60_lufa/led.o
 .comment       0x0000000000000000       0x12 obj_gh60_lufa/protocol/lufa/lufa.o
 .comment       0x0000000000000000       0x12 obj_gh60_lufa/protocol/lufa/descriptor.o
 .comment       0x0000000000000000       0x12 obj_gh60_lufa/protocol/lufa/LUFA-git/LUFA/Drivers/USB/Class/Common/HIDParser.o
 .comment       0x0000000000000000       0x12 obj_gh60_lufa/protocol/lufa/LUFA-git/LUFA/Drivers/USB/Core/AVR8/Device_AVR8.o
 .comment       0x0000000000000000       0x12 obj_gh60_lufa/protocol/lufa/LUFA-git/LUFA/Drivers/USB/Core/AVR8/EndpointStream_AVR8.o
 .comment       0x0000000000000000       0x12 obj_gh60_lufa/protocol/lufa/LUFA-git/LUFA/Drivers/USB/Core/AVR8/Endpoint_AVR8.o
 .comment       0x0000000000000000       0x12 obj_gh60_lufa/protocol/lufa/LUFA-git/LUFA/Drivers/USB/Core/AVR8/Host_AVR8.o
 .comment       0x0000000000000000       0x12 obj_gh60_lufa/protocol/lufa/LUFA-git/LUFA/Drivers/USB/Core/AVR8/PipeStream_AVR8.o
 .comment       0x0000000000000000       0x12 obj_gh60_lufa/protocol/lufa/LUFA-git/LUFA/Drivers/USB/Core/AVR8/Pipe_AVR8.o
 .comment       0x0000000000000000       0x12 obj_gh60_lufa/protocol/lufa/LUFA-git/LUFA/Drivers/USB/Core/AVR8/USBController_AVR8.o
 .comment       0x0000000000000000       0x12 obj_gh60_lufa/protocol/lufa/LUFA-git/LUFA/Drivers/USB/Core/AVR8/USBInterrupt_AVR8.o
 .comment       0x0000000000000000       0x12 obj_gh60_lufa/protocol/lufa/LUFA-git/LUFA/Drivers/USB/Core/ConfigDescriptors.o
 .comment       0x0000000000000000       0x12 obj_gh60_lufa/protocol/lufa/LUFA-git/LUFA/Drivers/USB/Core/DeviceStandardReq.o
 .comment       0x0000000000000000       0x12 obj_gh60_lufa/protocol/lufa/LUFA-git/LUFA/Drivers/USB/Core/Events.o
 .comment       0x0000000000000000       0x12 obj_gh60_lufa/protocol/lufa/LUFA-git/LUFA/Drivers/USB/Core/HostStandardReq.o
 .comment       0x0000000000000000       0x12 obj_gh60_lufa/protocol/lufa/LUFA-git/LUFA/Drivers/USB/Core/USBTask.o
 .comment       0x0000000000000000       0x12 obj_gh60_lufa/common/host.o
 .comment       0x0000000000000000       0x12 obj_gh60_lufa/common/keyboard.o
 .comment       0x0000000000000000       0x12 obj_gh60_lufa/common/matrix.o
 .comment       0x0000000000000000       0x12 obj_gh60_lufa/common/action.o
 .comment       0x0000000000000000       0x12 obj_gh60_lufa/common/action_tapping.o
 .comment       0x0000000000000000       0x12 obj_gh60_lufa/common/action_macro.o
 .comment       0x0000000000000000       0x12 obj_gh60_lufa/common/action_layer.o
 .comment       0x0000000000000000       0x12 obj_gh60_lufa/common/action_util.o
 .comment       0x0000000000000000       0x12 obj_gh60_lufa/common/print.o
 .comment       0x0000000000000000       0x12 obj_gh60_lufa/common/debug.o
 .comment       0x0000000000000000       0x12 obj_gh60_lufa/common/util.o
 .comment       0x0000000000000000       0x12 obj_gh60_lufa/common/hook.o
 .comment       0x0000000000000000       0x12 obj_gh60_lufa/common/avr/suspend.o
 .comment       0x0000000000000000       0x12 obj_gh60_lufa/common/avr/timer.o
 .comment       0x0000000000000000       0x12 obj_gh60_lufa/common/avr/bootloader.o
 .comment       0x0000000000000000       0x12 obj_gh60_lufa/common/keymap.o
 .comment       0x0000000000000000       0x12 obj_gh60_lufa/common/bootmagic.o
 .comment       0x0000000000000000       0x12 obj_gh60_lufa/common/avr/eeconfig.o
 .comment       0x0000000000000000       0x12 obj_gh60_lufa/common/mousekey.o
 .comment       0x0000000000000000       0x12 obj_gh60_lufa/common/command.o

.debug
 *(.debug)

.line
 *(.line)

.debug_srcinfo
 *(.debug_srcinfo)

.debug_sfnames
 *(.debug_sfnames)

.debug_aranges  0x0000000000000000      0xa48
 *(.debug_aranges)
 .debug_aranges
                0x0000000000000000       0x18 obj_gh60_lufa/keymap_poker.o
 .debug_aranges
                0x0000000000000018       0x38 obj_gh60_lufa/matrix.o
 .debug_aranges
                0x0000000000000050       0x20 obj_gh60_lufa/led.o
 .debug_aranges
                0x0000000000000070       0xb8 obj_gh60_lufa/protocol/lufa/lufa.o
 .debug_aranges
                0x0000000000000128       0x20 obj_gh60_lufa/protocol/lufa/descriptor.o
 .debug_aranges
                0x0000000000000148       0x38 obj_gh60_lufa/protocol/lufa/LUFA-git/LUFA/Drivers/USB/Class/Common/HIDParser.o
 .debug_aranges
                0x0000000000000180       0x20 obj_gh60_lufa/protocol/lufa/LUFA-git/LUFA/Drivers/USB/Core/AVR8/Device_AVR8.o
 .debug_aranges
                0x00000000000001a0       0xc8 obj_gh60_lufa/protocol/lufa/LUFA-git/LUFA/Drivers/USB/Core/AVR8/EndpointStream_AVR8.o
 .debug_aranges
                0x0000000000000268       0x40 obj_gh60_lufa/protocol/lufa/LUFA-git/LUFA/Drivers/USB/Core/AVR8/Endpoint_AVR8.o
 .debug_aranges
                0x00000000000002a8       0x18 obj_gh60_lufa/protocol/lufa/LUFA-git/LUFA/Drivers/USB/Core/AVR8/Host_AVR8.o
 .debug_aranges
                0x00000000000002c0       0x18 obj_gh60_lufa/protocol/lufa/LUFA-git/LUFA/Drivers/USB/Core/AVR8/PipeStream_AVR8.o
 .debug_aranges
                0x00000000000002d8       0x18 obj_gh60_lufa/protocol/lufa/LUFA-git/LUFA/Drivers/USB/Core/AVR8/Pipe_AVR8.o
 .debug_aranges
                0x00000000000002f0       0x30 obj_gh60_lufa/protocol/lufa/LUFA-git/LUFA/Drivers/USB/Core/AVR8/USBController_AVR8.o
 .debug_aranges
                0x0000000000000320       0x38 obj_gh60_lufa/protocol/lufa/LUFA-git/LUFA/Drivers/USB/Core/AVR8/USBInterrupt_AVR8.o
 .debug_aranges
                0x0000000000000358       0x40 obj_gh60_lufa/protocol/lufa/LUFA-git/LUFA/Drivers/USB/Core/ConfigDescriptors.o
 .debug_aranges
                0x0000000000000398       0x20 obj_gh60_lufa/protocol/lufa/LUFA-git/LUFA/Drivers/USB/Core/DeviceStandardReq.o
 .debug_aranges
                0x00000000000003b8       0x20 obj_gh60_lufa/protocol/lufa/LUFA-git/LUFA/Drivers/USB/Core/Events.o
 .debug_aranges
                0x00000000000003d8       0x18 obj_gh60_lufa/protocol/lufa/LUFA-git/LUFA/Drivers/USB/Core/HostStandardReq.o
 .debug_aranges
                0x00000000000003f0       0x20 obj_gh60_lufa/protocol/lufa/LUFA-git/LUFA/Drivers/USB/Core/USBTask.o
 .debug_aranges
                0x0000000000000410       0x60 obj_gh60_lufa/common/host.o
 .debug_aranges
                0x0000000000000470       0x38 obj_gh60_lufa/common/keyboard.o
 .debug_aranges
                0x00000000000004a8       0x58 obj_gh60_lufa/common/matrix.o
 .debug_aranges
                0x0000000000000500       0x78 obj_gh60_lufa/common/action.o
 .debug_aranges
                0x0000000000000578       0x40 obj_gh60_lufa/common/action_tapping.o
 .debug_aranges
                0x00000000000005b8       0x20 obj_gh60_lufa/common/action_macro.o
 .debug_aranges
                0x00000000000005d8       0xa0 obj_gh60_lufa/common/action_layer.o
 .debug_aranges
                0x0000000000000678       0xb0 obj_gh60_lufa/common/action_util.o
 .debug_aranges
                0x0000000000000728       0x20 obj_gh60_lufa/common/print.o
 .debug_aranges
                0x0000000000000748       0x18 obj_gh60_lufa/common/debug.o
 .debug_aranges
                0x0000000000000760       0x60 obj_gh60_lufa/common/util.o
 .debug_aranges
                0x00000000000007c0       0x48 obj_gh60_lufa/common/hook.o
 .debug_aranges
                0x0000000000000808       0x40 obj_gh60_lufa/common/avr/suspend.o
 .debug_aranges
                0x0000000000000848       0x50 obj_gh60_lufa/common/avr/timer.o
 .debug_aranges
                0x0000000000000898       0x28 obj_gh60_lufa/common/avr/bootloader.o
 .debug_aranges
                0x00000000000008c0       0x48 obj_gh60_lufa/common/keymap.o
 .debug_aranges
                0x0000000000000908       0x30 obj_gh60_lufa/common/bootmagic.o
 .debug_aranges
                0x0000000000000938       0x68 obj_gh60_lufa/common/avr/eeconfig.o
 .debug_aranges
                0x00000000000009a0       0x50 obj_gh60_lufa/common/mousekey.o
 .debug_aranges
                0x00000000000009f0       0x58 obj_gh60_lufa/common/command.o

.debug_pubnames
 *(.debug_pubnames)

.debug_info     0x0000000000000000    0x10b02
 *(.debug_info)
 .debug_info    0x0000000000000000      0xbcf obj_gh60_lufa/keymap_poker.o
 .debug_info    0x0000000000000bcf      0x448 obj_gh60_lufa/matrix.o
 .debug_info    0x0000000000001017       0x91 obj_gh60_lufa/led.o
 .debug_info    0x00000000000010a8     0x151d obj_gh60_lufa/protocol/lufa/lufa.o
 .debug_info    0x00000000000025c5      0x7c6 obj_gh60_lufa/protocol/lufa/descriptor.o
 .debug_info    0x0000000000002d8b      0x73e obj_gh60_lufa/protocol/lufa/LUFA-git/LUFA/Drivers/USB/Class/Common/HIDParser.o
 .debug_info    0x00000000000034c9       0xd2 obj_gh60_lufa/protocol/lufa/LUFA-git/LUFA/Drivers/USB/Core/AVR8/Device_AVR8.o
 .debug_info    0x000000000000359b     0x17b4 obj_gh60_lufa/protocol/lufa/LUFA-git/LUFA/Drivers/USB/Core/AVR8/EndpointStream_AVR8.o
 .debug_info    0x0000000000004d4f      0x614 obj_gh60_lufa/protocol/lufa/LUFA-git/LUFA/Drivers/USB/Core/AVR8/Endpoint_AVR8.o
 .debug_info    0x0000000000005363       0x56 obj_gh60_lufa/protocol/lufa/LUFA-git/LUFA/Drivers/USB/Core/AVR8/Host_AVR8.o
 .debug_info    0x00000000000053b9       0x56 obj_gh60_lufa/protocol/lufa/LUFA-git/LUFA/Drivers/USB/Core/AVR8/PipeStream_AVR8.o
 .debug_info    0x000000000000540f       0x56 obj_gh60_lufa/protocol/lufa/LUFA-git/LUFA/Drivers/USB/Core/AVR8/Pipe_AVR8.o
 .debug_info    0x0000000000005465      0x4cb obj_gh60_lufa/protocol/lufa/LUFA-git/LUFA/Drivers/USB/Core/AVR8/USBController_AVR8.o
 .debug_info    0x0000000000005930      0x7c4 obj_gh60_lufa/protocol/lufa/LUFA-git/LUFA/Drivers/USB/Core/AVR8/USBInterrupt_AVR8.o
 .debug_info    0x00000000000060f4      0x3cd obj_gh60_lufa/protocol/lufa/LUFA-git/LUFA/Drivers/USB/Core/ConfigDescriptors.o
 .debug_info    0x00000000000064c1      0xa57 obj_gh60_lufa/protocol/lufa/LUFA-git/LUFA/Drivers/USB/Core/DeviceStandardReq.o
 .debug_info    0x0000000000006f18       0x78 obj_gh60_lufa/protocol/lufa/LUFA-git/LUFA/Drivers/USB/Core/Events.o
 .debug_info    0x0000000000006f90       0x56 obj_gh60_lufa/protocol/lufa/LUFA-git/LUFA/Drivers/USB/Core/HostStandardReq.o
 .debug_info    0x0000000000006fe6      0x26b obj_gh60_lufa/protocol/lufa/LUFA-git/LUFA/Drivers/USB/Core/USBTask.o
 .debug_info    0x0000000000007251      0x4f8 obj_gh60_lufa/common/host.o
 .debug_info    0x0000000000007749      0x465 obj_gh60_lufa/common/keyboard.o
 .debug_info    0x0000000000007bae      0x1a8 obj_gh60_lufa/common/matrix.o
 .debug_info    0x0000000000007d56     0x18f7 obj_gh60_lufa/common/action.o
 .debug_info    0x000000000000964d      0xf70 obj_gh60_lufa/common/action_tapping.o
 .debug_info    0x000000000000a5bd      0x9f7 obj_gh60_lufa/common/action_macro.o
 .debug_info    0x000000000000afb4      0x7d3 obj_gh60_lufa/common/action_layer.o
 .debug_info    0x000000000000b787      0x4fa obj_gh60_lufa/common/action_util.o
 .debug_info    0x000000000000bc81       0xda obj_gh60_lufa/common/print.o
 .debug_info    0x000000000000bd5b       0xfc obj_gh60_lufa/common/debug.o
 .debug_info    0x000000000000be57      0x29b obj_gh60_lufa/common/util.o
 .debug_info    0x000000000000c0f2      0x1ff obj_gh60_lufa/common/hook.o
 .debug_info    0x000000000000c2f1      0x288 obj_gh60_lufa/common/avr/suspend.o
 .debug_info    0x000000000000c579      0x204 obj_gh60_lufa/common/avr/timer.o
 .debug_info    0x000000000000c77d      0x19a obj_gh60_lufa/common/avr/bootloader.o
 .debug_info    0x000000000000c917     0x1037 obj_gh60_lufa/common/keymap.o
 .debug_info    0x000000000000d94e     0x10ae obj_gh60_lufa/common/bootmagic.o
 .debug_info    0x000000000000e9fc      0x3cf obj_gh60_lufa/common/avr/eeconfig.o
 .debug_info    0x000000000000edcb      0x7b4 obj_gh60_lufa/common/mousekey.o
 .debug_info    0x000000000000f57f     0x1583 obj_gh60_lufa/common/command.o
 *(.gnu.linkonce.wi.*)

.debug_abbrev   0x0000000000000000     0x3e24
 *(.debug_abbrev)
 .debug_abbrev  0x0000000000000000       0xe4 obj_gh60_lufa/keymap_poker.o
 .debug_abbrev  0x00000000000000e4      0x276 obj_gh60_lufa/matrix.o
 .debug_abbrev  0x000000000000035a       0x60 obj_gh60_lufa/led.o
 .debug_abbrev  0x00000000000003ba      0x4c5 obj_gh60_lufa/protocol/lufa/lufa.o
 .debug_abbrev  0x000000000000087f      0x177 obj_gh60_lufa/protocol/lufa/descriptor.o
 .debug_abbrev  0x00000000000009f6      0x21e obj_gh60_lufa/protocol/lufa/LUFA-git/LUFA/Drivers/USB/Class/Common/HIDParser.o
 .debug_abbrev  0x0000000000000c14       0x80 obj_gh60_lufa/protocol/lufa/LUFA-git/LUFA/Drivers/USB/Core/AVR8/Device_AVR8.o
 .debug_abbrev  0x0000000000000c94      0x213 obj_gh60_lufa/protocol/lufa/LUFA-git/LUFA/Drivers/USB/Core/AVR8/EndpointStream_AVR8.o
 .debug_abbrev  0x0000000000000ea7      0x222 obj_gh60_lufa/protocol/lufa/LUFA-git/LUFA/Drivers/USB/Core/AVR8/Endpoint_AVR8.o
 .debug_abbrev  0x00000000000010c9       0x26 obj_gh60_lufa/protocol/lufa/LUFA-git/LUFA/Drivers/USB/Core/AVR8/Host_AVR8.o
 .debug_abbrev  0x00000000000010ef       0x26 obj_gh60_lufa/protocol/lufa/LUFA-git/LUFA/Drivers/USB/Core/AVR8/PipeStream_AVR8.o
 .debug_abbrev  0x0000000000001115       0x26 obj_gh60_lufa/protocol/lufa/LUFA-git/LUFA/Drivers/USB/Core/AVR8/Pipe_AVR8.o
 .debug_abbrev  0x000000000000113b      0x196 obj_gh60_lufa/protocol/lufa/LUFA-git/LUFA/Drivers/USB/Core/AVR8/USBController_AVR8.o
 .debug_abbrev  0x00000000000012d1      0x234 obj_gh60_lufa/protocol/lufa/LUFA-git/LUFA/Drivers/USB/Core/AVR8/USBInterrupt_AVR8.o
 .debug_abbrev  0x0000000000001505      0x183 obj_gh60_lufa/protocol/lufa/LUFA-git/LUFA/Drivers/USB/Core/ConfigDescriptors.o
 .debug_abbrev  0x0000000000001688      0x2d8 obj_gh60_lufa/protocol/lufa/LUFA-git/LUFA/Drivers/USB/Core/DeviceStandardReq.o
 .debug_abbrev  0x0000000000001960       0x44 obj_gh60_lufa/protocol/lufa/LUFA-git/LUFA/Drivers/USB/Core/Events.o
 .debug_abbrev  0x00000000000019a4       0x26 obj_gh60_lufa/protocol/lufa/LUFA-git/LUFA/Drivers/USB/Core/HostStandardReq.o
 .debug_abbrev  0x00000000000019ca      0x168 obj_gh60_lufa/protocol/lufa/LUFA-git/LUFA/Drivers/USB/Core/USBTask.o
 .debug_abbrev  0x0000000000001b32      0x204 obj_gh60_lufa/common/host.o
 .debug_abbrev  0x0000000000001d36      0x214 obj_gh60_lufa/common/keyboard.o
 .debug_abbrev  0x0000000000001f4a       0xf7 obj_gh60_lufa/common/matrix.o
 .debug_abbrev  0x0000000000002041      0x30b obj_gh60_lufa/common/action.o
 .debug_abbrev  0x000000000000234c      0x2ef obj_gh60_lufa/common/action_tapping.o
 .debug_abbrev  0x000000000000263b      0x194 obj_gh60_lufa/common/action_macro.o
 .debug_abbrev  0x00000000000027cf      0x20b obj_gh60_lufa/common/action_layer.o
 .debug_abbrev  0x00000000000029da      0x246 obj_gh60_lufa/common/action_util.o
 .debug_abbrev  0x0000000000002c20       0x97 obj_gh60_lufa/common/print.o
 .debug_abbrev  0x0000000000002cb7       0x87 obj_gh60_lufa/common/debug.o
 .debug_abbrev  0x0000000000002d3e       0xcb obj_gh60_lufa/common/util.o
 .debug_abbrev  0x0000000000002e09      0x100 obj_gh60_lufa/common/hook.o
 .debug_abbrev  0x0000000000002f09      0x1b1 obj_gh60_lufa/common/avr/suspend.o
 .debug_abbrev  0x00000000000030ba      0x11e obj_gh60_lufa/common/avr/timer.o
 .debug_abbrev  0x00000000000031d8      0x11c obj_gh60_lufa/common/avr/bootloader.o
 .debug_abbrev  0x00000000000032f4      0x278 obj_gh60_lufa/common/keymap.o
 .debug_abbrev  0x000000000000356c      0x2aa obj_gh60_lufa/common/bootmagic.o
 .debug_abbrev  0x0000000000003816       0xef obj_gh60_lufa/common/avr/eeconfig.o
 .debug_abbrev  0x0000000000003905      0x1fd obj_gh60_lufa/common/mousekey.o
 .debug_abbrev  0x0000000000003b02      0x322 obj_gh60_lufa/common/command.o

.debug_line     0x0000000000000000     0x50ed
 *(.debug_line)
 .debug_line    0x0000000000000000       0x81 obj_gh60_lufa/keymap_poker.o
 .debug_line    0x0000000000000081      0x195 obj_gh60_lufa/matrix.o
 .debug_line    0x0000000000000216       0x57 obj_gh60_lufa/led.o
 .debug_line    0x000000000000026d      0x78e obj_gh60_lufa/protocol/lufa/lufa.o
 .debug_line    0x00000000000009fb      0x1d0 obj_gh60_lufa/protocol/lufa/descriptor.o
 .debug_line    0x0000000000000bcb      0x243 obj_gh60_lufa/protocol/lufa/LUFA-git/LUFA/Drivers/USB/Class/Common/HIDParser.o
 .debug_line    0x0000000000000e0e      0x128 obj_gh60_lufa/protocol/lufa/LUFA-git/LUFA/Drivers/USB/Core/AVR8/Device_AVR8.o
 .debug_line    0x0000000000000f36      0xc60 obj_gh60_lufa/protocol/lufa/LUFA-git/LUFA/Drivers/USB/Core/AVR8/EndpointStream_AVR8.o
 .debug_line    0x0000000000001b96      0x3e7 obj_gh60_lufa/protocol/lufa/LUFA-git/LUFA/Drivers/USB/Core/AVR8/Endpoint_AVR8.o
 .debug_line    0x0000000000001f7d       0x1a obj_gh60_lufa/protocol/lufa/LUFA-git/LUFA/Drivers/USB/Core/AVR8/Host_AVR8.o
 .debug_line    0x0000000000001f97       0x1a obj_gh60_lufa/protocol/lufa/LUFA-git/LUFA/Drivers/USB/Core/AVR8/PipeStream_AVR8.o
 .debug_line    0x0000000000001fb1       0x1a obj_gh60_lufa/protocol/lufa/LUFA-git/LUFA/Drivers/USB/Core/AVR8/Pipe_AVR8.o
 .debug_line    0x0000000000001fcb      0x2f8 obj_gh60_lufa/protocol/lufa/LUFA-git/LUFA/Drivers/USB/Core/AVR8/USBController_AVR8.o
 .debug_line    0x00000000000022c3      0x4c9 obj_gh60_lufa/protocol/lufa/LUFA-git/LUFA/Drivers/USB/Core/AVR8/USBInterrupt_AVR8.o
 .debug_line    0x000000000000278c      0x17f obj_gh60_lufa/protocol/lufa/LUFA-git/LUFA/Drivers/USB/Core/ConfigDescriptors.o
 .debug_line    0x000000000000290b      0x383 obj_gh60_lufa/protocol/lufa/LUFA-git/LUFA/Drivers/USB/Core/DeviceStandardReq.o
 .debug_line    0x0000000000002c8e       0x71 obj_gh60_lufa/protocol/lufa/LUFA-git/LUFA/Drivers/USB/Core/Events.o
 .debug_line    0x0000000000002cff       0x1a obj_gh60_lufa/protocol/lufa/LUFA-git/LUFA/Drivers/USB/Core/HostStandardReq.o
 .debug_line    0x0000000000002d19      0x193 obj_gh60_lufa/protocol/lufa/LUFA-git/LUFA/Drivers/USB/Core/USBTask.o
 .debug_line    0x0000000000002eac      0x18c obj_gh60_lufa/common/host.o
 .debug_line    0x0000000000003038      0x183 obj_gh60_lufa/common/keyboard.o
 .debug_line    0x00000000000031bb       0xfb obj_gh60_lufa/common/matrix.o
 .debug_line    0x00000000000032b6      0x4bc obj_gh60_lufa/common/action.o
 .debug_line    0x0000000000003772      0x263 obj_gh60_lufa/common/action_tapping.o
 .debug_line    0x00000000000039d5      0x11e obj_gh60_lufa/common/action_macro.o
 .debug_line    0x0000000000003af3      0x1c7 obj_gh60_lufa/common/action_layer.o
 .debug_line    0x0000000000003cba      0x1f6 obj_gh60_lufa/common/action_util.o
 .debug_line    0x0000000000003eb0       0x93 obj_gh60_lufa/common/print.o
 .debug_line    0x0000000000003f43       0x67 obj_gh60_lufa/common/debug.o
 .debug_line    0x0000000000003faa      0x17c obj_gh60_lufa/common/util.o
 .debug_line    0x0000000000004126       0xc6 obj_gh60_lufa/common/hook.o
 .debug_line    0x00000000000041ec      0x1a5 obj_gh60_lufa/common/avr/suspend.o
 .debug_line    0x0000000000004391      0x10b obj_gh60_lufa/common/avr/timer.o
 .debug_line    0x000000000000449c      0x168 obj_gh60_lufa/common/avr/bootloader.o
 .debug_line    0x0000000000004604      0x20a obj_gh60_lufa/common/keymap.o
 .debug_line    0x000000000000480e      0x211 obj_gh60_lufa/common/bootmagic.o